 zlibwapi

 Timestamp is 5a06056c (Fri Nov 10 12:00:44 2017)

 Preferred load address is 10000000

 Start         Length     Name                   Class
 0001:00000000 00018e8aH .text                   CODE
 0002:00000000 00000110H .idata$5                DATA
 0002:00000110 00000004H .CRT$XCA                DATA
 0002:00000114 00000004H .CRT$XCZ                DATA
 0002:00000118 00000004H .CRT$XIA                DATA
 0002:0000011c 00000010H .CRT$XIC                DATA
 0002:0000012c 00000004H .CRT$XIZ                DATA
 0002:00000130 00000004H .CRT$XPA                DATA
 0002:00000134 00000004H .CRT$XPX                DATA
 0002:00000138 00000004H .CRT$XPXA               DATA
 0002:0000013c 00000004H .CRT$XPZ                DATA
 0002:00000140 00000004H .CRT$XTA                DATA
 0002:00000144 00000004H .CRT$XTZ                DATA
 0002:00000148 00005e2cH .rdata                  DATA
 0002:00005f74 00000004H .rtc$IAA                DATA
 0002:00005f78 00000004H .rtc$IZZ                DATA
 0002:00005f7c 00000004H .rtc$TAA                DATA
 0002:00005f80 00000004H .rtc$TZZ                DATA
 0002:00005f88 0000041cH .xdata$x                DATA
 0002:000063a4 00000014H .idata$2                DATA
 0002:000063b8 00000014H .idata$3                DATA
 0002:000063cc 00000110H .idata$4                DATA
 0002:000064dc 000004caH .idata$6                DATA
 0002:000069b0 00000cf9H .edata                  DATA
 0003:00000000 00000f60H .data                   DATA
 0003:00000f60 00001de4H .bss                    DATA
 0004:00000000 00000058H .rsrc$01                DATA
 0004:00000060 00000338H .rsrc$02                DATA

  Address         Publics by Value              Rva+Base       Lib:Object

 0000:00000000       __except_list              00000000     <absolute>
 0000:00000000       ___ImageBase               10000000     <linker-defined>
 0001:00000000       _adler32_z                 10001000 f   adler32.obj
 0001:00000270       _adler32                   10001270 f   adler32.obj
 0001:00000340       _adler32_combine           10001340 f   adler32.obj
 0001:00000360       _compress2                 10001360 f   compress.obj
 0001:00000440       _compress                  10001440 f   compress.obj
 0001:00000460       _compressBound             10001460 f   compress.obj
 0001:00000480       _get_crc_table             10001480 f   crc32.obj
 0001:00000490       _crc32_z                   10001490 f   crc32.obj
 0001:000004b0       _crc32                     100014b0 f   crc32.obj
 0001:000008b0       _crc32_combine             100018b0 f   crc32.obj
 0001:00000920       _deflateInit_              10001920 f   deflate.obj
 0001:00000950       _deflateInit2_             10001950 f   deflate.obj
 0001:00000c00       _deflateSetDictionary      10001c00 f   deflate.obj
 0001:00000d90       _deflateGetDictionary      10001d90 f   deflate.obj
 0001:00000df0       _deflateResetKeep          10001df0 f   deflate.obj
 0001:00000e80       _deflateReset              10001e80 f   deflate.obj
 0001:00000eb0       _deflateSetHeader          10001eb0 f   deflate.obj
 0001:00000ee0       _deflatePending            10001ee0 f   deflate.obj
 0001:00000f20       _deflatePrime              10001f20 f   deflate.obj
 0001:00000fb0       _deflateParams             10001fb0 f   deflate.obj
 0001:00001100       _deflateTune               10002100 f   deflate.obj
 0001:00001140       _deflateBound              10002140 f   deflate.obj
 0001:000012a0       _deflate                   100022a0 f   deflate.obj
 0001:00001b80       _deflateEnd                10002b80 f   deflate.obj
 0001:00001c30       _deflateCopy               10002c30 f   deflate.obj
 0001:000030b0       _gzclose                   100040b0 f   gzclose.obj
 0001:00003410       _gzopen                    10004410 f   gzlib.obj
 0001:00003430       _gzdopen                   10004430 f   gzlib.obj
 0001:00003480       _gzopen_w                  10004480 f   gzlib.obj
 0001:000034a0       _gzbuffer                  100044a0 f   gzlib.obj
 0001:000034f0       _gzrewind                  100044f0 f   gzlib.obj
 0001:00003550       _gzseek64                  10004550 f   gzlib.obj
 0001:000036c0       _gzseek                    100046c0 f   gzlib.obj
 0001:00003700       _gztell64                  10004700 f   gzlib.obj
 0001:00003750       _gztell                    10004750 f   gzlib.obj
 0001:00003780       _gzoffset64                10004780 f   gzlib.obj
 0001:000037d0       _gzoffset                  100047d0 f   gzlib.obj
 0001:00003800       _gzeof                     10004800 f   gzlib.obj
 0001:00003830       _gzerror                   10004830 f   gzlib.obj
 0001:00003880       _gzclearerr                10004880 f   gzlib.obj
 0001:000038c0       _gz_error                  100048c0 f   gzlib.obj
 0001:00003f10       _gzread                    10004f10 f   gzread.obj
 0001:00003f80       _gzfread                   10004f80 f   gzread.obj
 0001:00004000       _gzgetc                    10005000 f   gzread.obj
 0001:00004060       _gzgetc_                   10005060 f   gzread.obj
 0001:00004070       _gzungetc                  10005070 f   gzread.obj
 0001:00004150       _gzgets                    10005150 f   gzread.obj
 0001:00004270       _gzdirect                  10005270 f   gzread.obj
 0001:000042a0       _gzclose_r                 100052a0 f   gzread.obj
 0001:00004740       _gzwrite                   10005740 f   gzwrite.obj
 0001:00004790       _gzfwrite                  10005790 f   gzwrite.obj
 0001:00004800       _gzputc                    10005800 f   gzwrite.obj
 0001:000048c0       _gzputs                    100058c0 f   gzwrite.obj
 0001:00004910       _gzvprintf                 10005910 f   gzwrite.obj
 0001:00004a10       _gzprintf                  10005a10 f   gzwrite.obj
 0001:00004a30       _gzflush                   10005a30 f   gzwrite.obj
 0001:00004aa0       _gzsetparams               10005aa0 f   gzwrite.obj
 0001:00004b40       _gzclose_w                 10005b40 f   gzwrite.obj
 0001:00004c00       _inflateBackInit_          10005c00 f   infback.obj
 0001:00004ce0       _inflateBack               10005ce0 f   infback.obj
 0001:000059f0       _inflateBackEnd            100069f0 f   infback.obj
 0001:00005a30       _inflate_fast              10006a30 f   inffast.obj
 0001:00005e50       _inflateResetKeep          10006e50 f   inflate.obj
 0001:00005ed0       _inflateReset              10006ed0 f   inflate.obj
 0001:00005f10       _inflateReset2             10006f10 f   inflate.obj
 0001:00005fb0       _inflateInit2_             10006fb0 f   inflate.obj
 0001:00006070       _inflateInit_              10007070 f   inflate.obj
 0001:00006090       _inflatePrime              10007090 f   inflate.obj
 0001:00006210       _inflate                   10007210 f   inflate.obj
 0001:000077e0       _inflateEnd                100087e0 f   inflate.obj
 0001:00007830       _inflateGetDictionary      10008830 f   inflate.obj
 0001:000078a0       _inflateSetDictionary      100088a0 f   inflate.obj
 0001:00007940       _inflateGetHeader          10008940 f   inflate.obj
 0001:000079e0       _inflateSync               100089e0 f   inflate.obj
 0001:00007ad0       _inflateSyncPoint          10008ad0 f   inflate.obj
 0001:00007b10       _inflateCopy               10008b10 f   inflate.obj
 0001:00007c50       _inflateUndermine          10008c50 f   inflate.obj
 0001:00007c80       _inflateValidate           10008c80 f   inflate.obj
 0001:00007cc0       _inflateMark               10008cc0 f   inflate.obj
 0001:00007d30       _inflateCodesUsed          10008d30 f   inflate.obj
 0001:00007d60       _inflate_table             10008d60 f   inftrees.obj
 0001:00008130       _call_zopen64              10009130 f   ioapi.obj
 0001:00008150       _call_zseek64              10009150 f   ioapi.obj
 0001:000081b0       _call_ztell64              100091b0 f   ioapi.obj
 0001:000081e0       _fill_zlib_filefunc64_32_def_from_filefunc32 100091e0 f   ioapi.obj
 0001:00008360       _fill_fopen64_filefunc     10009360 f   ioapi.obj
 0001:00008450       _win32_open64_file_funcA   10009450 f   iowin32.obj
 0001:00008450       _win32_open_file_func      10009450 f   iowin32.obj
 0001:00008450       _win32_open64_file_func    10009450 f   iowin32.obj
 0001:000084b0       _win32_open64_file_funcW   100094b0 f   iowin32.obj
 0001:00008510       _win32_read_file_func      10009510 f   iowin32.obj
 0001:00008560       _win32_write_file_func     10009560 f   iowin32.obj
 0001:00008600       _win32_tell_file_func      10009600 f   iowin32.obj
 0001:00008650       _win32_tell64_file_func    10009650 f   iowin32.obj
 0001:000086c0       _win32_seek_file_func      100096c0 f   iowin32.obj
 0001:00008730       _win32_seek64_file_func    10009730 f   iowin32.obj
 0001:000087a0       _win32_close_file_func     100097a0 f   iowin32.obj
 0001:000087d0       _win32_error_file_func     100097d0 f   iowin32.obj
 0001:000087f0       _fill_win32_filefunc       100097f0 f   iowin32.obj
 0001:00008830       _fill_win32_filefunc64A    10009830 f   iowin32.obj
 0001:00008830       _fill_win32_filefunc64     10009830 f   iowin32.obj
 0001:00008870       _fill_win32_filefunc64W    10009870 f   iowin32.obj
 0001:000088b0       __tr_init                  100098b0 f   trees.obj
 0001:00009850       __tr_stored_block          1000a850 f   trees.obj
 0001:00009930       __tr_flush_bits            1000a930 f   trees.obj
 0001:00009940       __tr_align                 1000a940 f   trees.obj
 0001:00009a30       __tr_flush_block           1000aa30 f   trees.obj
 0001:0000a190       _uncompress2               1000b190 f   uncompr.obj
 0001:0000a2c0       _uncompress                1000b2c0 f   uncompr.obj
 0001:0000a560       _unzStringFileNameCompare  1000b560 f   unzip.obj
 0001:0000ae00       _unzOpen2                  1000be00 f   unzip.obj
 0001:0000ae50       _unzOpen2_64               1000be50 f   unzip.obj
 0001:0000aeb0       _unzOpen                   1000beb0 f   unzip.obj
 0001:0000aed0       _unzOpen64                 1000bed0 f   unzip.obj
 0001:0000aef0       _unzClose                  1000bef0 f   unzip.obj
 0001:0000af30       _unzGetGlobalInfo64        1000bf30 f   unzip.obj
 0001:0000af60       _unzGetGlobalInfo          1000bf60 f   unzip.obj
 0001:0000b550       _unzGetCurrentFileInfo64   1000c550 f   unzip.obj
 0001:0000b580       _unzGetCurrentFileInfo     1000c580 f   unzip.obj
 0001:0000b660       _unzGoToFirstFile          1000c660 f   unzip.obj
 0001:0000b6d0       _unzGoToNextFile           1000c6d0 f   unzip.obj
 0001:0000b780       _unzLocateFile             1000c780 f   unzip.obj
 0001:0000b8c0       _unzGetFilePos64           1000c8c0 f   unzip.obj
 0001:0000b910       _unzGetFilePos             1000c910 f   unzip.obj
 0001:0000b940       _unzGoToFilePos64          1000c940 f   unzip.obj
 0001:0000b9b0       _unzGoToFilePos            1000c9b0 f   unzip.obj
 0001:0000bc30       _unzOpenCurrentFile3       1000cc30 f   unzip.obj
 0001:0000be60       _unzOpenCurrentFile        1000ce60 f   unzip.obj
 0001:0000be80       _unzOpenCurrentFilePassword 1000ce80 f   unzip.obj
 0001:0000bea0       _unzOpenCurrentFile2       1000cea0 f   unzip.obj
 0001:0000bec0       _unzGetCurrentFileZStreamPos64 1000cec0 f   unzip.obj
 0001:0000bef0       _unzReadCurrentFile        1000cef0 f   unzip.obj
 0001:0000c190       _unztell                   1000d190 f   unzip.obj
 0001:0000c1b0       _unztell64                 1000d1b0 f   unzip.obj
 0001:0000c1e0       _unzeof                    1000d1e0 f   unzip.obj
 0001:0000c220       _unzGetLocalExtrafield     1000d220 f   unzip.obj
 0001:0000c2e0       _unzCloseCurrentFile       1000d2e0 f   unzip.obj
 0001:0000c380       _unzGetGlobalComment       1000d380 f   unzip.obj
 0001:0000ccd0       _LoadCentralDirectoryRecord 1000dcd0 f   zip.obj
 0001:0000d170       _zipOpen3                  1000e170 f   zip.obj
 0001:0000d2d0       _zipOpen2                  1000e2d0 f   zip.obj
 0001:0000d320       _zipOpen2_64               1000e320 f   zip.obj
 0001:0000d380       _zipOpen64                 1000e380 f   zip.obj
 0001:0000d380       _zipOpen                   1000e380 f   zip.obj
 0001:0000d3a0       _Write_LocalFileHeader     1000e3a0 f   zip.obj
 0001:0000d5c0       _zipOpenNewFileInZip4_64   1000e5c0 f   zip.obj
 0001:0000da90       _zipOpenNewFileInZip3      1000ea90 f   zip.obj
 0001:0000daf0       _zipOpenNewFileInZip3_64   1000eaf0 f   zip.obj
 0001:0000db50       _zipOpenNewFileInZip2      1000eb50 f   zip.obj
 0001:0000dba0       _zipOpenNewFileInZip2_64   1000eba0 f   zip.obj
 0001:0000dbf0       _zipOpenNewFileInZip64     1000ebf0 f   zip.obj
 0001:0000dc40       _zipOpenNewFileInZip       1000ec40 f   zip.obj
 0001:0000dd50       _zipWriteInFileInZip       1000ed50 f   zip.obj
 0001:0000de50       _zipCloseFileInZipRaw      1000ee50 f   zip.obj
 0001:0000de70       _zipCloseFileInZipRaw64    1000ee70 f   zip.obj
 0001:0000e380       _zipCloseFileInZip         1000f380 f   zip.obj
 0001:0000e3a0       _Write_Zip64EndOfCentralDirectoryLocator 1000f3a0 f   zip.obj
 0001:0000e420       _Write_Zip64EndOfCentralDirectoryRecord 1000f420 f   zip.obj
 0001:0000e540       _Write_EndOfCentralDirectoryRecord 1000f540 f   zip.obj
 0001:0000e680       _Write_GlobalComment       1000f680 f   zip.obj
 0001:0000e6f0       _zipClose                  1000f6f0 f   zip.obj
 0001:0000e870       _zlibVersion               1000f870 f   zutil.obj
 0001:0000e880       _zlibCompileFlags          1000f880 f   zutil.obj
 0001:0000e890       _zError                    1000f890 f   zutil.obj
 0001:0000e8b0       _zcalloc                   1000f8b0 f   zutil.obj
 0001:0000e8d0       _zcfree                    1000f8d0 f   zutil.obj
 0001:0000e8e1       __lseeki64_nolock          1000f8e1 f   LIBCMT:lseeki64.obj
 0001:0000e966       __lseeki64                 1000f966 f   LIBCMT:lseeki64.obj
 0001:0000f185       __wopen                    10010185 f   LIBCMT:wopen.obj
 0001:0000f233       _free                      10010233 f   LIBCMT:free.obj
 0001:0000f26d       _malloc                    1001026d f   LIBCMT:malloc.obj
 0001:0000f301       __snprintf                 10010301 f   LIBCMT:snprintf.obj
 0001:0000f3ad       ??0_LocaleUpdate@@QAE@PAUlocaleinfo_struct@@@Z 100103ad f i LIBCMT:wcstombs.obj
 0001:0000f434       __wcstombs_l_helper        10010434 f   LIBCMT:wcstombs.obj
 0001:0000f69b       _wcstombs                  1001069b f   LIBCMT:wcstombs.obj
 0001:0000f6b5       __get_sys_err_msg          100106b5 f i LIBCMT:strerror.obj
 0001:0000f6dd       _strerror                  100106dd f   LIBCMT:strerror.obj
 0001:0000f750       _memchr                    10010750 f   LIBCMT:memchr.obj
 0001:0000f7fd       __get_errno_from_oserr     100107fd f   LIBCMT:dosmap.obj
 0001:0000f83f       __errno                    1001083f f   LIBCMT:dosmap.obj
 0001:0000f852       ___doserrno                10010852 f   LIBCMT:dosmap.obj
 0001:0000f865       __dosmaperr                10010865 f   LIBCMT:dosmap.obj
 0001:0000f888       __ftelli64_nolock          10010888 f   LIBCMT:ftelli64.obj
 0001:0000fbd2       __ftelli64                 10010bd2 f   LIBCMT:ftelli64.obj
 0001:0000fc3f       __fseeki64_nolock          10010c3f f   LIBCMT:fseeki64.obj
 0001:0000fcdb       __fseeki64                 10010cdb f   LIBCMT:fseeki64.obj
 0001:0000fd5a       __fsopen                   10010d5a f   LIBCMT:fopen.obj
 0001:0000fe16       _fopen                     10010e16 f   LIBCMT:fopen.obj
 0001:0000fe2d       __fread_nolock_s           10010e2d f   LIBCMT:fread.obj
 0001:0000ffe9       _fread_s                   10010fe9 f   LIBCMT:fread.obj
 0001:00010077       _fread                     10011077 f   LIBCMT:fread.obj
 0001:00010094       _ferror                    10011094 f   LIBCMT:feoferr.obj
 0001:000100bc       __fwrite_nolock            100110bc f   LIBCMT:fwrite.obj
 0001:00010213       _fwrite                    10011213 f   LIBCMT:fwrite.obj
 0001:0001028d       __fclose_nolock            1001128d f   LIBCMT:fclose.obj
 0001:000102fa       _fclose                    100112fa f   LIBCMT:fclose.obj
 0001:0001036e       _srand                     1001136e f   LIBCMT:rand.obj
 0001:00010380       _rand                      10011380 f   LIBCMT:rand.obj
 0001:000103a1       __time64                   100113a1 f   LIBCMT:time64.obj
 0001:000103f2       __CRT_INIT@12              100113f2 f   LIBCMT:dllcrt0.obj
 0001:0001064c       __DllMainCRTStartup@12     1001164c f   LIBCMT:dllcrt0.obj
 0001:0001066f       __ioinit                   1001166f f   LIBCMT:ioinit.obj
 0001:000108b4       __ioterm                   100118b4 f   LIBCMT:ioinit.obj
 0001:00010907       __set_osfhnd               10011907 f   LIBCMT:osfinfo.obj
 0001:00010988       __free_osfhnd              10011988 f   LIBCMT:osfinfo.obj
 0001:00010a0e       __get_osfhandle            10011a0e f   LIBCMT:osfinfo.obj
 0001:00010a77       ___lock_fhandle            10011a77 f   LIBCMT:osfinfo.obj
 0001:00010b16       __unlock_fhandle           10011b16 f   LIBCMT:osfinfo.obj
 0001:00010b3d       __alloc_osfhnd             10011b3d f   LIBCMT:osfinfo.obj
 0001:00010cd6       __initp_misc_invarg        10011cd6 f   LIBCMT:invarg.obj
 0001:00010ce5       __call_reportfault         10011ce5 f   LIBCMT:invarg.obj
 0001:00010e0e       __invoke_watson            10011e0e f   LIBCMT:invarg.obj
 0001:00010e33       __invalid_parameter        10011e33 f   LIBCMT:invarg.obj
 0001:00010e60       __invalid_parameter_noinfo 10011e60 f   LIBCMT:invarg.obj
 0001:00010e70       __SEH_prolog4              10011e70 f   LIBCMT:sehprolg4.obj
 0001:00010eb5       __SEH_epilog4              10011eb5 f   LIBCMT:sehprolg4.obj
 0001:00010ed0       __except_handler4          10011ed0 f   LIBCMT:chandler4.obj
 0001:0001105f       __write_nolock             1001205f f   LIBCMT:write.obj
 0001:0001175c       _write                     1001275c f   LIBCMT:write.obj
 0001:0001175c       __write                    1001275c f   LIBCMT:write.obj
 0001:00011830       __chsize_nolock            10012830 f   LIBCMT:chsize.obj
 0001:000119e6       __read_nolock              100129e6 f   LIBCMT:read.obj
 0001:00011f9d       __read                     10012f9d f   LIBCMT:read.obj
 0001:00011f9d       _read                      10012f9d f   LIBCMT:read.obj
 0001:00012093       __close_nolock             10013093 f   LIBCMT:close.obj
 0001:0001212f       __close                    1001312f f   LIBCMT:close.obj
 0001:0001212f       _close                     1001312f f   LIBCMT:close.obj
 0001:000121f3       __lseek_nolock             100131f3 f   LIBCMT:lseek.obj
 0001:00012268       ___crtCorExitProcess       10013268 f   LIBCMT:crt0dat.obj
 0001:00012293       ___crtExitProcess          10013293 f   LIBCMT:crt0dat.obj
 0001:000122ab       __lockexit                 100132ab f   LIBCMT:crt0dat.obj
 0001:000122b4       __unlockexit               100132b4 f   LIBCMT:crt0dat.obj
 0001:000122bd       __init_pointers            100132bd f   LIBCMT:crt0dat.obj
 0001:000122f0       __initterm_e               100132f0 f   LIBCMT:crt0dat.obj
 0001:00012314       __cinit                    10013314 f   LIBCMT:crt0dat.obj
 0001:000124eb       __exit                     100134eb f   LIBCMT:crt0dat.obj
 0001:00012501       __cexit                    10013501 f   LIBCMT:crt0dat.obj
 0001:00012510       __amsg_exit                10013510 f   LIBCMT:crt0dat.obj
 0001:0001252e       __setmode_nolock           1001352e f   LIBCMT:setmode.obj
 0001:000125e9       __get_fmode                100135e9 f   LIBCMT:setmode.obj
 0001:00012616       __heap_init                10013616 f   LIBCMT:heapinit.obj
 0001:00012634       __heap_term                10013634 f   LIBCMT:heapinit.obj
 0001:00012648       __GET_RTERRMSG             10013648 f   LIBCMT:crt0msg.obj
 0001:0001266e       __NMSG_WRITE               1001366e f   LIBCMT:crt0msg.obj
 0001:0001281d       __FF_MSGBANNER             1001381d f   LIBCMT:crt0msg.obj
 0001:00012856       __initp_heap_handler       10013856 f   LIBCMT:handler.obj
 0001:00012865       __callnewh                 10013865 f   LIBCMT:handler.obj
 0001:0001288d       __flsbuf                   1001388d f   LIBCMT:_flsbuf.obj
 0001:00012a98       __output_l                 10013a98 f   LIBCMT:output.obj
 0001:00013644       __vsnprintf_l              10014644 f   LIBCMT:vsnprint.obj
 0001:000136f0       __vsnprintf                100146f0 f   LIBCMT:vsnprint.obj
 0001:000136f0       _vsnprintf                 100146f0 f   LIBCMT:vsnprint.obj
 0001:00013930       ___updatetmbcinfo          10014930 f   LIBCMT:mbctype.obj
 0001:00013a50       __setmbcp_nolock           10014a50 f   LIBCMT:mbctype.obj
 0001:00013c39       __setmbcp                  10014c39 f   LIBCMT:mbctype.obj
 0001:00013dd3       ___initmbctable            10014dd3 f   LIBCMT:mbctype.obj
 0001:00013df1       ___addlocaleref            10014df1 f   LIBCMT:localref.obj
 0001:00013e80       ___removelocaleref         10014e80 f   LIBCMT:localref.obj
 0001:00013f19       ___freetlocinfo            10014f19 f   LIBCMT:localref.obj
 0001:00014064       __updatetlocinfoEx_nolock  10015064 f   LIBCMT:localref.obj
 0001:000140b1       ___updatetlocinfo          100150b1 f   LIBCMT:localref.obj
 0001:0001412a       __encoded_null             1001512a f   LIBCMT:tidtable.obj
 0001:00014133       ___crtTlsAlloc@4           10015133 f   LIBCMT:tidtable.obj
 0001:0001413c       ___set_flsgetvalue         1001513c f   LIBCMT:tidtable.obj
 0001:00014170       __mtterm                   10015170 f   LIBCMT:tidtable.obj
 0001:000141ad       __initptd                  100151ad f   LIBCMT:tidtable.obj
 0001:00014261       __getptd_noexit            10015261 f   LIBCMT:tidtable.obj
 0001:000142da       __getptd                   100152da f   LIBCMT:tidtable.obj
 0001:000142f4       __freefls@4                100152f4 f   LIBCMT:tidtable.obj
 0001:00014423       __freeptd                  10015423 f   LIBCMT:tidtable.obj
 0001:00014491       __mtinit                   10015491 f   LIBCMT:tidtable.obj
 0001:0001460c       @__security_check_cookie@4 1001560c f   LIBCMT:secchk.obj
 0001:0001461b       ___sys_nerr                1001561b f   LIBCMT:syserr.obj
 0001:00014621       ___sys_errlist             10015621 f   LIBCMT:syserr.obj
 0001:00014627       _strcpy_s                  10015627 f   LIBCMT:strcpy_s.obj
 0001:00014686       __malloc_crt               10015686 f   LIBCMT:crtheap.obj
 0001:000146cb       __calloc_crt               100156cb f   LIBCMT:crtheap.obj
 0001:00014717       __realloc_crt              10015717 f   LIBCMT:crtheap.obj
 0001:00014765       __fileno                   10015765 f   LIBCMT:fileno.obj
 0001:00014790       __alloca_probe             10015790     LIBCMT:chkstk.obj
 0001:00014790       __chkstk                   10015790 f   LIBCMT:chkstk.obj
 0001:000147bb       ___iob_func                100157bb f   LIBCMT:_file.obj
 0001:000147c1       ___initstdio               100157c1 f   LIBCMT:_file.obj
 0001:00014872       ___endstdio                10015872 f   LIBCMT:_file.obj
 0001:00014892       __lock_file                10015892 f   LIBCMT:_file.obj
 0001:000148d3       __lock_file2               100158d3 f   LIBCMT:_file.obj
 0001:00014905       __unlock_file              10015905 f   LIBCMT:_file.obj
 0001:00014941       __unlock_file2             10015941 f   LIBCMT:_file.obj
 0001:00014970       __flush                    10015970 f   LIBCMT:fflush.obj
 0001:000149d8       __fflush_nolock            100159d8 f   LIBCMT:fflush.obj
 0001:00014afa       __flushall                 10015afa f   LIBCMT:fflush.obj
 0001:00014b03       __openfile                 10015b03 f   LIBCMT:_open.obj
 0001:00014d9a       __getstream                10015d9a f   LIBCMT:stream.obj
 0001:00014ed0       __local_unwind4            10015ed0 f   LIBCMT:exsup4.obj
 0001:00014fa6       __seh_longjmp_unwind4@4    10015fa6 f   LIBCMT:exsup4.obj
 0001:00014fc2       @_EH4_CallFilterFunc@8     10015fc2 f   LIBCMT:exsup4.obj
 0001:00014fd9       @_EH4_TransferToHandler@8  10015fd9 f   LIBCMT:exsup4.obj
 0001:00014ff2       @_EH4_GlobalUnwind2@8      10015ff2 f   LIBCMT:exsup4.obj
 0001:0001500b       @_EH4_LocalUnwind@16       1001600b f   LIBCMT:exsup4.obj
 0001:00015022       __filbuf                   10016022 f   LIBCMT:_filbuf.obj
 0001:00015144       _memcpy_s                  10016144 f   LIBCMT:memcpy_s.obj
 0001:000151c0       _memset                    100161c0 f   LIBCMT:memset.obj
 0001:00015240       _memcpy                    10016240 f   LIBCMT:memcpy.obj
 0001:000155a1       __freebuf                  100165a1 f   LIBCMT:_freebuf.obj
 0001:000155e0       __aulldiv                  100165e0 f   LIBCMT:ulldiv.obj
 0001:00015648       __setenvp                  10016648 f   LIBCMT:stdenvp.obj
 0001:000158be       __setargv                  100168be f   LIBCMT:stdargv.obj
 0001:00015979       ___crtGetEnvironmentStringsA 10016979 f   LIBCMT:a_env.obj
 0001:00015a10       __RTC_Initialize           10016a10 f   LIBCMT:_initsect_.obj
 0001:00015a36       __RTC_Terminate            10016a36 f   LIBCMT:_initsect_.obj
 0001:00015a5c       __XcptFilter               10016a5c f   LIBCMT:winxfltr.obj
 0001:00015ba6       ___CppXcptFilter           10016ba6 f   LIBCMT:winxfltr.obj
 0001:00015bc6       _DllMain@12                10016bc6 f   LIBCMT:dllmain.obj
 0001:00015bcc       ___security_init_cookie    10016bcc f   LIBCMT:gs_support.obj
 0001:00015c67       __mtinitlocks              10016c67 f   LIBCMT:mlock.obj
 0001:00015cb1       __mtdeletelocks            10016cb1 f   LIBCMT:mlock.obj
 0001:00015d08       __unlock                   10016d08 f   LIBCMT:mlock.obj
 0001:00015d1f       __mtinitlocknum            10016d1f f   LIBCMT:mlock.obj
 0001:00015de1       __lock                     10016de1 f   LIBCMT:mlock.obj
 0001:00015e14       __crt_debugger_hook        10016e14 f   LIBCMT:dbghook.obj
 0001:00015e20       __ValidateImageBase        10016e20 f   LIBCMT:pesect.obj
 0001:00015e60       __FindPESection            10016e60 f   LIBCMT:pesect.obj
 0001:00015eb0       __IsNonwritableInCurrentImage 10016eb0 f   LIBCMT:pesect.obj
 0001:00015f6c       __putwch_nolock            10016f6c f   LIBCMT:putwch.obj
 0001:00015fae       __mbtowc_l                 10016fae f   LIBCMT:mbtowc.obj
 0001:000160c4       _mbtowc                    100170c4 f   LIBCMT:mbtowc.obj
 0001:000160de       __isleadbyte_l             100170de f i LIBCMT:_wctype.obj
 0001:00016116       _isleadbyte                10017116 f i LIBCMT:_wctype.obj
 0001:00016129       __isatty                   10017129 f   LIBCMT:isatty.obj
 0001:0001617f       ?terminate@@YAXXZ          1001717f f   LIBCMT:hooks.obj
 0001:000161b8       __initp_eh_hooks           100171b8 f   LIBCMT:hooks.obj
 0001:000161c9       __initp_misc_winsig        100171c9 f   LIBCMT:winsig.obj
 0001:0001621e       ___get_sigabrt             1001721e f   LIBCMT:winsig.obj
 0001:0001622b       _raise                     1001722b f   LIBCMT:winsig.obj
 0001:000163ce       __initp_misc_rand_s        100173ce f   LIBCMT:rand_s.obj
 0001:000163dd       __initp_misc_purevirt      100173dd f   LIBCMT:inithelp.obj
 0001:000164a2       ___onexitinit              100174a2 f   LIBCMT:onexit.obj
 0001:000164d3       __onexit                   100174d3 f   LIBCMT:onexit.obj
 0001:0001650f       _atexit                    1001750f f   LIBCMT:onexit.obj
 0001:00016526       __initp_misc_cfltcvt_tab   10017526 f   LIBCMT:cmiscdat.obj
 0001:00016550       _strlen                    10017550 f   LIBCMT:strlen.obj
 0001:000165db       ___crtMessageBoxW          100175db f   LIBCMT:crtmboxw.obj
 0001:00016747       _wcscat_s                  10017747 f   LIBCMT:wcscat_s.obj
 0001:000167bc       _wcsncpy_s                 100177bc f   LIBCMT:wcsncpy_s.obj
 0001:00016889       _wcslen                    10017889 f   LIBCMT:wcslen.obj
 0001:000168a4       _wcscpy_s                  100178a4 f   LIBCMT:wcscpy_s.obj
 0001:00016907       __set_error_mode           10017907 f   LIBCMT:errmode.obj
 0001:00016946       __getbuf                   10017946 f   LIBCMT:_getbuf.obj
 0001:0001698f       __get_printf_count_output  1001798f f   LIBCMT:printf.obj
 0001:000169a5       __wctomb_s_l               100179a5 f   LIBCMT:wctomb.obj
 0001:00016afa       _wctomb_s                  10017afa f   LIBCMT:wctomb.obj
 0001:00016b20       __aulldvrm                 10017b20 f   LIBCMT:ulldvrm.obj
 0001:00016bb5       __freea                    10017bb5 f i LIBCMT:a_map.obj
 0001:00016dbc       ___crtLCMapStringA         10017dbc f   LIBCMT:a_map.obj
 0001:00016ee9       ___crtGetStringTypeA       10017ee9 f   LIBCMT:a_str.obj
 0001:00016f29       ___free_lc_time            10017f29 f   LIBCMT:inittime.obj
 0001:000172a0       ___free_lconv_num          100182a0 f   LIBCMT:initnum.obj
 0001:00017309       ___free_lconv_mon          10018309 f   LIBCMT:initmon.obj
 0001:00017407       ___report_gsfailure        10018407 f   LIBCMT:gs_report.obj
 0001:0001750d       __calloc_impl              1001850d f   LIBCMT:calloc_impl.obj
 0001:0001758f       _realloc                   1001858f f   LIBCMT:realloc.obj
 0001:0001763c       __fcloseall                1001863c f   LIBCMT:closeall.obj
 0001:000176d8       __commit                   100186d8 f   LIBCMT:commit.obj
 0001:00017ee5       _open                      10018ee5 f   LIBCMT:open.obj
 0001:00017ee5       __open                     10018ee5 f   LIBCMT:open.obj
 0001:00017f93       __sopen_helper             10018f93 f   LIBCMT:open.obj
 0001:00018057       __sopen_s                  10019057 f   LIBCMT:open.obj
 0001:00018077       __mbsnbicmp_l              10019077 f   LIBCMT:mbsnbicm.obj
 0001:0001827b       __mbsnbicmp                1001927b f   LIBCMT:mbsnbicm.obj
 0001:00018295       __mbsnbcmp_l               10019295 f   LIBCMT:mbsnbcmp.obj
 0001:000183e1       __mbsnbcmp                 100193e1 f   LIBCMT:mbsnbcmp.obj
 0001:00018400       __global_unwind2           10019400 f   LIBCMT:exsup.obj
 0001:00018465       __local_unwind2            10019465 f   LIBCMT:exsup.obj
 0001:000184e9       __abnormal_termination     100194e9 f   LIBCMT:exsup.obj
 0001:0001850c       __NLG_Notify1              1001950c f   LIBCMT:exsup.obj
 0001:00018515       __NLG_Notify               10019515 f   LIBCMT:exsup.obj
 0001:0001852c       __NLG_Dispatch             1001952c     LIBCMT:exsup.obj
 0001:0001852c       __NLG_Dispatch2            1001952c     LIBCMT:exsup.obj
 0001:00018534       __NLG_Call                 10019534 f   LIBCMT:exsup.obj
 0001:00018536       __NLG_Return2              10019536     LIBCMT:exsup.obj
 0001:00018537       __VEC_memzero              10019537 f   LIBCMT:p4_memset.obj
 0001:000185f1       ___sse2_available_init     100195f1 f   LIBCMT:cpu_disp.obj
 0001:00018601       __VEC_memcpy               10019601 f   LIBCMT:p4_memcpy.obj
 0001:00018757       __ismbblead                10019757 f   LIBCMT:ismbbyte.obj
 0001:0001876f       ___initconout              1001976f f   LIBCMT:initcon.obj
 0001:0001878e       ___termconout              1001978e f   LIBCMT:initcon.obj
 0001:000187a5       _abort                     100197a5 f   LIBCMT:abort.obj
 0001:000187d8       __msize                    100197d8 f   LIBCMT:msize.obj
 0001:0001880b       __fptrap                   1001980b f   LIBCMT:crt0fp.obj
 0001:00018820       __alloca_probe_16          10019820 f   LIBCMT:alloca16.obj
 0001:00018836       __alloca_probe_8           10019836     LIBCMT:alloca16.obj
 0001:0001884c       __strnicmp_l               1001984c f   LIBCMT:strnicmp.obj
 0001:0001892e       __strnicmp                 1001992e f   LIBCMT:strnicmp.obj
 0001:00018981       _strncmp                   10019981 f   LIBCMT:strncmp.obj
 0001:00018a41       __tolower_l                10019a41 f   LIBCMT:tolower.obj
 0001:00018b60       ___ascii_strnicmp          10019b60 f   LIBCMT:_strnicm.obj
 0001:00018bc1       __isctype_l                10019bc1 f   LIBCMT:isctype.obj
 0001:00018c80       _strcspn                   10019c80 f   LIBCMT:strcspn.obj
 0001:00018cd0       _strcmp                    10019cd0 f   LIBCMT:strcmp.obj
 0001:00018d60       _strpbrk                   10019d60 f   LIBCMT:strpbrk.obj
 0001:00018da0       __allmul                   10019da0 f   LIBCMT:llmul.obj
 0001:00018dd4       _RtlUnwind@16              10019dd4 f   kernel32:KERNEL32.dll
 0001:00018de0       __alldiv                   10019de0 f   LIBCMT:lldiv.obj
 0002:00000000       __imp__CreateFileA@28      1001a000     kernel32:KERNEL32.dll
 0002:00000004       __imp__SetFilePointer@16   1001a004     kernel32:KERNEL32.dll
 0002:00000008       __imp__WriteFile@20        1001a008     kernel32:KERNEL32.dll
 0002:0000000c       __imp__ReadFile@20         1001a00c     kernel32:KERNEL32.dll
 0002:00000010       __imp__CreateFileW@28      1001a010     kernel32:KERNEL32.dll
 0002:00000014       __imp__GetLastError@0      1001a014     kernel32:KERNEL32.dll
 0002:00000018       __imp__CloseHandle@4       1001a018     kernel32:KERNEL32.dll
 0002:0000001c       __imp__GetFileType@4       1001a01c     kernel32:KERNEL32.dll
 0002:00000020       __imp__HeapFree@12         1001a020     kernel32:KERNEL32.dll
 0002:00000024       __imp__HeapAlloc@12        1001a024     kernel32:KERNEL32.dll
 0002:00000028       __imp__WideCharToMultiByte@32 1001a028     kernel32:KERNEL32.dll
 0002:0000002c       __imp__GetSystemTimeAsFileTime@4 1001a02c     kernel32:KERNEL32.dll
 0002:00000030       __imp__GetCurrentThreadId@0 1001a030     kernel32:KERNEL32.dll
 0002:00000034       __imp__DecodePointer@4     1001a034     kernel32:KERNEL32.dll
 0002:00000038       __imp__GetCommandLineA@0   1001a038     kernel32:KERNEL32.dll
 0002:0000003c       __imp__SetHandleCount@4    1001a03c     kernel32:KERNEL32.dll
 0002:00000040       __imp__GetStdHandle@4      1001a040     kernel32:KERNEL32.dll
 0002:00000044       __imp__InitializeCriticalSectionAndSpinCount@8 1001a044     kernel32:KERNEL32.dll
 0002:00000048       __imp__GetStartupInfoW@4   1001a048     kernel32:KERNEL32.dll
 0002:0000004c       __imp__DeleteCriticalSection@4 1001a04c     kernel32:KERNEL32.dll
 0002:00000050       __imp__SetStdHandle@8      1001a050     kernel32:KERNEL32.dll
 0002:00000054       __imp__EnterCriticalSection@4 1001a054     kernel32:KERNEL32.dll
 0002:00000058       __imp__LeaveCriticalSection@4 1001a058     kernel32:KERNEL32.dll
 0002:0000005c       __imp__UnhandledExceptionFilter@4 1001a05c     kernel32:KERNEL32.dll
 0002:00000060       __imp__SetUnhandledExceptionFilter@4 1001a060     kernel32:KERNEL32.dll
 0002:00000064       __imp__IsDebuggerPresent@0 1001a064     kernel32:KERNEL32.dll
 0002:00000068       __imp__EncodePointer@4     1001a068     kernel32:KERNEL32.dll
 0002:0000006c       __imp__TerminateProcess@8  1001a06c     kernel32:KERNEL32.dll
 0002:00000070       __imp__GetCurrentProcess@0 1001a070     kernel32:KERNEL32.dll
 0002:00000074       __imp__GetConsoleCP@0      1001a074     kernel32:KERNEL32.dll
 0002:00000078       __imp__GetConsoleMode@8    1001a078     kernel32:KERNEL32.dll
 0002:0000007c       __imp__SetEndOfFile@4      1001a07c     kernel32:KERNEL32.dll
 0002:00000080       __imp__GetProcessHeap@0    1001a080     kernel32:KERNEL32.dll
 0002:00000084       __imp__MultiByteToWideChar@24 1001a084     kernel32:KERNEL32.dll
 0002:00000088       __imp__GetProcAddress@8    1001a088     kernel32:KERNEL32.dll
 0002:0000008c       __imp__GetModuleHandleW@4  1001a08c     kernel32:KERNEL32.dll
 0002:00000090       __imp__ExitProcess@4       1001a090     kernel32:KERNEL32.dll
 0002:00000094       __imp__HeapCreate@12       1001a094     kernel32:KERNEL32.dll
 0002:00000098       __imp__HeapDestroy@4       1001a098     kernel32:KERNEL32.dll
 0002:0000009c       __imp__GetModuleFileNameW@12 1001a09c     kernel32:KERNEL32.dll
 0002:000000a0       __imp__GetCPInfo@8         1001a0a0     kernel32:KERNEL32.dll
 0002:000000a4       __imp__InterlockedIncrement@4 1001a0a4     kernel32:KERNEL32.dll
 0002:000000a8       __imp__InterlockedDecrement@4 1001a0a8     kernel32:KERNEL32.dll
 0002:000000ac       __imp__GetACP@0            1001a0ac     kernel32:KERNEL32.dll
 0002:000000b0       __imp__GetOEMCP@0          1001a0b0     kernel32:KERNEL32.dll
 0002:000000b4       __imp__IsValidCodePage@4   1001a0b4     kernel32:KERNEL32.dll
 0002:000000b8       __imp__TlsAlloc@0          1001a0b8     kernel32:KERNEL32.dll
 0002:000000bc       __imp__TlsGetValue@4       1001a0bc     kernel32:KERNEL32.dll
 0002:000000c0       __imp__TlsSetValue@8       1001a0c0     kernel32:KERNEL32.dll
 0002:000000c4       __imp__TlsFree@4           1001a0c4     kernel32:KERNEL32.dll
 0002:000000c8       __imp__SetLastError@4      1001a0c8     kernel32:KERNEL32.dll
 0002:000000cc       __imp__Sleep@4             1001a0cc     kernel32:KERNEL32.dll
 0002:000000d0       __imp__RtlUnwind@16        1001a0d0     kernel32:KERNEL32.dll
 0002:000000d4       __imp__GetModuleFileNameA@12 1001a0d4     kernel32:KERNEL32.dll
 0002:000000d8       __imp__FreeEnvironmentStringsW@4 1001a0d8     kernel32:KERNEL32.dll
 0002:000000dc       __imp__GetEnvironmentStringsW@0 1001a0dc     kernel32:KERNEL32.dll
 0002:000000e0       __imp__QueryPerformanceCounter@4 1001a0e0     kernel32:KERNEL32.dll
 0002:000000e4       __imp__GetTickCount@0      1001a0e4     kernel32:KERNEL32.dll
 0002:000000e8       __imp__GetCurrentProcessId@0 1001a0e8     kernel32:KERNEL32.dll
 0002:000000ec       __imp__WriteConsoleW@20    1001a0ec     kernel32:KERNEL32.dll
 0002:000000f0       __imp__LoadLibraryW@4      1001a0f0     kernel32:KERNEL32.dll
 0002:000000f4       __imp__LCMapStringW@24     1001a0f4     kernel32:KERNEL32.dll
 0002:000000f8       __imp__GetStringTypeW@16   1001a0f8     kernel32:KERNEL32.dll
 0002:000000fc       __imp__HeapReAlloc@16      1001a0fc     kernel32:KERNEL32.dll
 0002:00000100       __imp__FlushFileBuffers@4  1001a100     kernel32:KERNEL32.dll
 0002:00000104       __imp__IsProcessorFeaturePresent@4 1001a104     kernel32:KERNEL32.dll
 0002:00000108       __imp__HeapSize@12         1001a108     kernel32:KERNEL32.dll
 0002:0000010c       \177KERNEL32_NULL_THUNK_DATA 1001a10c     kernel32:KERNEL32.dll
 0002:00000110       ___xc_a                    1001a110     LIBCMT:crt0init.obj
 0002:00000114       ___xc_z                    1001a114     LIBCMT:crt0init.obj
 0002:00000118       ___xi_a                    1001a118     LIBCMT:crt0init.obj
 0002:0000012c       ___xi_z                    1001a12c     LIBCMT:crt0init.obj
 0002:00000130       ___xp_a                    1001a130     LIBCMT:crt0init.obj
 0002:0000013c       ___xp_z                    1001a13c     LIBCMT:crt0init.obj
 0002:00000140       ___xt_a                    1001a140     LIBCMT:crt0init.obj
 0002:00000144       ___xt_z                    1001a144     LIBCMT:crt0init.obj
 0002:00000148       ??_C@_0EA@FCLIIPNN@Visual?5C?$CL?$CL?5CRT?3?5Not?5enough?5memor@ 1001a148     LIBCMT:strerror.obj
 0002:00000188       __pDefaultRawDllMain       1001a188     LIBCMT:dllcrt0.obj
 0002:00000188       __pRawDllMain              1001a188     LIBCMT:dllcrt0.obj
 0002:0000018c       ??_C@_0P@MIGLKIOC@CorExitProcess?$AA@ 1001a18c     LIBCMT:crt0dat.obj
 0002:0000019c       ??_C@_1BI@BGOHAHKC@?$AAm?$AAs?$AAc?$AAo?$AAr?$AAe?$AAe?$AA?4?$AAd?$AAl?$AAl?$AA?$AA@ 1001a19c     LIBCMT:crt0dat.obj
 0002:000001b4       ??_C@_1BO@BKOMIGKJ@?$AAr?$AAu?$AAn?$AAt?$AAi?$AAm?$AAe?$AA?5?$AAe?$AAr?$AAr?$AAo?$AAr?$AA?5?$AA?$AA@ 1001a1b4     LIBCMT:crt0msg.obj
 0002:000001d4       ??_C@_15JNBOKNOG@?$AA?$AN?$AA?6?$AA?$AA@ 1001a1d4     LIBCMT:crt0msg.obj
 0002:000001dc       ??_C@_1BM@JBBEPPHI@?$AAT?$AAL?$AAO?$AAS?$AAS?$AA?5?$AAe?$AAr?$AAr?$AAo?$AAr?$AA?$AN?$AA?6?$AA?$AA@ 1001a1dc     LIBCMT:crt0msg.obj
 0002:000001f8       ??_C@_1BK@KMOMNAAI@?$AAS?$AAI?$AAN?$AAG?$AA?5?$AAe?$AAr?$AAr?$AAo?$AAr?$AA?$AN?$AA?6?$AA?$AA@ 1001a1f8     LIBCMT:crt0msg.obj
 0002:00000214       ??_C@_1BO@BFCDCGC@?$AAD?$AAO?$AAM?$AAA?$AAI?$AAN?$AA?5?$AAe?$AAr?$AAr?$AAo?$AAr?$AA?$AN?$AA?6?$AA?$AA@ 1001a214     LIBCMT:crt0msg.obj
 0002:00000238       ??_C@_1BOO@KGEDBGAJ@?$AAR?$AA6?$AA0?$AA3?$AA3?$AA?$AN?$AA?6?$AA?9?$AA?5?$AAA?$AAt?$AAt?$AAe?$AAm?$AAp?$AAt?$AA?5?$AAt?$AAo?$AA?5?$AAu?$AAs?$AAe?$AA?5?$AAM?$AAS?$AAI?$AAL?$AA?5?$AAc?$AAo?$AAd@ 1001a238     LIBCMT:crt0msg.obj
 0002:00000428       ??_C@_1GG@GOPILAJP@?$AAR?$AA6?$AA0?$AA3?$AA2?$AA?$AN?$AA?6?$AA?9?$AA?5?$AAn?$AAo?$AAt?$AA?5?$AAe?$AAn?$AAo?$AAu?$AAg?$AAh?$AA?5?$AAs?$AAp?$AAa?$AAc?$AAe?$AA?5?$AAf?$AAo?$AAr?$AA?5?$AAl?$AAo@ 1001a428     LIBCMT:crt0msg.obj
 0002:00000490       ??_C@_1MG@ENCOOIDF@?$AAR?$AA6?$AA0?$AA3?$AA1?$AA?$AN?$AA?6?$AA?9?$AA?5?$AAA?$AAt?$AAt?$AAe?$AAm?$AAp?$AAt?$AA?5?$AAt?$AAo?$AA?5?$AAi?$AAn?$AAi?$AAt?$AAi?$AAa?$AAl?$AAi?$AAz?$AAe?$AA?5?$AAt@ 1001a490     LIBCMT:crt0msg.obj
 0002:00000558       ??_C@_1DO@BMFCDCD@?$AAR?$AA6?$AA0?$AA3?$AA0?$AA?$AN?$AA?6?$AA?9?$AA?5?$AAC?$AAR?$AAT?$AA?5?$AAn?$AAo?$AAt?$AA?5?$AAi?$AAn?$AAi?$AAt?$AAi?$AAa?$AAl?$AAi?$AAz?$AAe?$AAd?$AA?$AN?$AA?6?$AA?$AA@ 1001a558     LIBCMT:crt0msg.obj
 0002:00000598       ??_C@_1EK@HHFLMAOL@?$AAR?$AA6?$AA0?$AA2?$AA8?$AA?$AN?$AA?6?$AA?9?$AA?5?$AAu?$AAn?$AAa?$AAb?$AAl?$AAe?$AA?5?$AAt?$AAo?$AA?5?$AAi?$AAn?$AAi?$AAt?$AAi?$AAa?$AAl?$AAi?$AAz?$AAe?$AA?5?$AAh?$AAe@ 1001a598     LIBCMT:crt0msg.obj
 0002:000005e8       ??_C@_1GK@MFGOKLAG@?$AAR?$AA6?$AA0?$AA2?$AA7?$AA?$AN?$AA?6?$AA?9?$AA?5?$AAn?$AAo?$AAt?$AA?5?$AAe?$AAn?$AAo?$AAu?$AAg?$AAh?$AA?5?$AAs?$AAp?$AAa?$AAc?$AAe?$AA?5?$AAf?$AAo?$AAr?$AA?5?$AAl?$AAo@ 1001a5e8     LIBCMT:crt0msg.obj
 0002:00000658       ??_C@_1GK@MCAAGJMO@?$AAR?$AA6?$AA0?$AA2?$AA6?$AA?$AN?$AA?6?$AA?9?$AA?5?$AAn?$AAo?$AAt?$AA?5?$AAe?$AAn?$AAo?$AAu?$AAg?$AAh?$AA?5?$AAs?$AAp?$AAa?$AAc?$AAe?$AA?5?$AAf?$AAo?$AAr?$AA?5?$AAs?$AAt@ 1001a658     LIBCMT:crt0msg.obj
 0002:000006c8       ??_C@_1EM@MAADIHMB@?$AAR?$AA6?$AA0?$AA2?$AA5?$AA?$AN?$AA?6?$AA?9?$AA?5?$AAp?$AAu?$AAr?$AAe?$AA?5?$AAv?$AAi?$AAr?$AAt?$AAu?$AAa?$AAl?$AA?5?$AAf?$AAu?$AAn?$AAc?$AAt?$AAi?$AAo?$AAn?$AA?5?$AAc@ 1001a6c8     LIBCMT:crt0msg.obj
 0002:00000718       ??_C@_1GK@FHCKBEFA@?$AAR?$AA6?$AA0?$AA2?$AA4?$AA?$AN?$AA?6?$AA?9?$AA?5?$AAn?$AAo?$AAt?$AA?5?$AAe?$AAn?$AAo?$AAu?$AAg?$AAh?$AA?5?$AAs?$AAp?$AAa?$AAc?$AAe?$AA?5?$AAf?$AAo?$AAr?$AA?5?$AA_?$AAo@ 1001a718     LIBCMT:crt0msg.obj
 0002:00000788       ??_C@_1FC@ECHBIFBC@?$AAR?$AA6?$AA0?$AA1?$AA9?$AA?$AN?$AA?6?$AA?9?$AA?5?$AAu?$AAn?$AAa?$AAb?$AAl?$AAe?$AA?5?$AAt?$AAo?$AA?5?$AAo?$AAp?$AAe?$AAn?$AA?5?$AAc?$AAo?$AAn?$AAs?$AAo?$AAl?$AAe?$AA?5@ 1001a788     LIBCMT:crt0msg.obj
 0002:000007e0       ??_C@_1EC@JIBHAOPH@?$AAR?$AA6?$AA0?$AA1?$AA8?$AA?$AN?$AA?6?$AA?9?$AA?5?$AAu?$AAn?$AAe?$AAx?$AAp?$AAe?$AAc?$AAt?$AAe?$AAd?$AA?5?$AAh?$AAe?$AAa?$AAp?$AA?5?$AAe?$AAr?$AAr?$AAo?$AAr?$AA?$AN?$AA?6@ 1001a7e0     LIBCMT:crt0msg.obj
 0002:00000828       ??_C@_1FK@BEOGODMC@?$AAR?$AA6?$AA0?$AA1?$AA7?$AA?$AN?$AA?6?$AA?9?$AA?5?$AAu?$AAn?$AAe?$AAx?$AAp?$AAe?$AAc?$AAt?$AAe?$AAd?$AA?5?$AAm?$AAu?$AAl?$AAt?$AAi?$AAt?$AAh?$AAr?$AAe?$AAa?$AAd?$AA?5@ 1001a828     LIBCMT:crt0msg.obj
 0002:00000888       ??_C@_1FI@LOGNIKDM@?$AAR?$AA6?$AA0?$AA1?$AA6?$AA?$AN?$AA?6?$AA?9?$AA?5?$AAn?$AAo?$AAt?$AA?5?$AAe?$AAn?$AAo?$AAu?$AAg?$AAh?$AA?5?$AAs?$AAp?$AAa?$AAc?$AAe?$AA?5?$AAf?$AAo?$AAr?$AA?5?$AAt?$AAh@ 1001a888     LIBCMT:crt0msg.obj
 0002:000008e0       ??_C@_1EG@BEHAGFJD@?$AAR?$AA6?$AA0?$AA1?$AA0?$AA?$AN?$AA?6?$AA?9?$AA?5?$AAa?$AAb?$AAo?$AAr?$AAt?$AA?$CI?$AA?$CJ?$AA?5?$AAh?$AAa?$AAs?$AA?5?$AAb?$AAe?$AAe?$AAn?$AA?5?$AAc?$AAa?$AAl?$AAl?$AAe?$AAd@ 1001a8e0     LIBCMT:crt0msg.obj
 0002:00000928       ??_C@_1FI@HONFMGBI@?$AAR?$AA6?$AA0?$AA0?$AA9?$AA?$AN?$AA?6?$AA?9?$AA?5?$AAn?$AAo?$AAt?$AA?5?$AAe?$AAn?$AAo?$AAu?$AAg?$AAh?$AA?5?$AAs?$AAp?$AAa?$AAc?$AAe?$AA?5?$AAf?$AAo?$AAr?$AA?5?$AAe?$AAn@ 1001a928     LIBCMT:crt0msg.obj
 0002:00000980       ??_C@_1FE@LLNEDJMD@?$AAR?$AA6?$AA0?$AA0?$AA8?$AA?$AN?$AA?6?$AA?9?$AA?5?$AAn?$AAo?$AAt?$AA?5?$AAe?$AAn?$AAo?$AAu?$AAg?$AAh?$AA?5?$AAs?$AAp?$AAa?$AAc?$AAe?$AA?5?$AAf?$AAo?$AAr?$AA?5?$AAa?$AAr@ 1001a980     LIBCMT:crt0msg.obj
 0002:000009d8       ??_C@_1FK@PGACCAFB@?$AAR?$AA6?$AA0?$AA0?$AA2?$AA?$AN?$AA?6?$AA?9?$AA?5?$AAf?$AAl?$AAo?$AAa?$AAt?$AAi?$AAn?$AAg?$AA?5?$AAp?$AAo?$AAi?$AAn?$AAt?$AA?5?$AAs?$AAu?$AAp?$AAp?$AAo?$AAr?$AAt?$AA?5@ 1001a9d8     LIBCMT:crt0msg.obj
 0002:00000ae8       ??_C@_1EK@MBDPDCGA@?$AAM?$AAi?$AAc?$AAr?$AAo?$AAs?$AAo?$AAf?$AAt?$AA?5?$AAV?$AAi?$AAs?$AAu?$AAa?$AAl?$AA?5?$AAC?$AA?$CL?$AA?$CL?$AA?5?$AAR?$AAu?$AAn?$AAt?$AAi?$AAm?$AAe?$AA?5?$AAL?$AAi?$AAb@ 1001aae8     LIBCMT:crt0msg.obj
 0002:00000b34       ??_C@_15IABLJNFO@?$AA?6?$AA?6?$AA?$AA@ 1001ab34     LIBCMT:crt0msg.obj
 0002:00000b3c       ??_C@_17LGKOMLJ@?$AA?4?$AA?4?$AA?4?$AA?$AA@ 1001ab3c     LIBCMT:crt0msg.obj
 0002:00000b44       ??_C@_1CO@EAEJAADC@?$AA?$DM?$AAp?$AAr?$AAo?$AAg?$AAr?$AAa?$AAm?$AA?5?$AAn?$AAa?$AAm?$AAe?$AA?5?$AAu?$AAn?$AAk?$AAn?$AAo?$AAw?$AAn?$AA?$DO?$AA?$AA@ 1001ab44     LIBCMT:crt0msg.obj
 0002:00000b74       ??_C@_1DE@JNGNBFGO@?$AAR?$AAu?$AAn?$AAt?$AAi?$AAm?$AAe?$AA?5?$AAE?$AAr?$AAr?$AAo?$AAr?$AA?$CB?$AA?6?$AA?6?$AAP?$AAr?$AAo?$AAg?$AAr?$AAa?$AAm?$AA?3?$AA?5?$AA?$AA@ 1001ab74     LIBCMT:crt0msg.obj
 0002:00000ba8       ??_C@_1O@CEDCILHN@?$AA?$CI?$AAn?$AAu?$AAl?$AAl?$AA?$CJ?$AA?$AA@ 1001aba8     LIBCMT:output.obj
 0002:00000bb8       ??_C@_06OJHGLDPL@?$CInull?$CJ?$AA@ 1001abb8     LIBCMT:output.obj
 0002:00000bc0       ___lookuptable             1001abc0     LIBCMT:output.obj
 0002:00000c1c       ??_C@_1BC@GDGBMEMK@?$AAH?$AAH?$AA?3?$AAm?$AAm?$AA?3?$AAs?$AAs?$AA?$AA@ 1001ac1c     LIBCMT:nlsdata2.obj
 0002:00000c30       ??_C@_1CI@KNAKOEBC@?$AAd?$AAd?$AAd?$AAd?$AA?0?$AA?5?$AAM?$AAM?$AAM?$AAM?$AA?5?$AAd?$AAd?$AA?0?$AA?5?$AAy?$AAy?$AAy?$AAy?$AA?$AA@ 1001ac30     LIBCMT:nlsdata2.obj
 0002:00000c58       ??_C@_1BC@IEBCMHCM@?$AAM?$AAM?$AA?1?$AAd?$AAd?$AA?1?$AAy?$AAy?$AA?$AA@ 1001ac58     LIBCMT:nlsdata2.obj
 0002:00000c6c       ??_C@_15CLMNNGEL@?$AAP?$AAM?$AA?$AA@ 1001ac6c     LIBCMT:nlsdata2.obj
 0002:00000c74       ??_C@_15ODEHAHHF@?$AAA?$AAM?$AA?$AA@ 1001ac74     LIBCMT:nlsdata2.obj
 0002:00000c7c       ??_C@_1BC@FEMKIFH@?$AAD?$AAe?$AAc?$AAe?$AAm?$AAb?$AAe?$AAr?$AA?$AA@ 1001ac7c     LIBCMT:nlsdata2.obj
 0002:00000c90       ??_C@_1BC@BGLIFPF@?$AAN?$AAo?$AAv?$AAe?$AAm?$AAb?$AAe?$AAr?$AA?$AA@ 1001ac90     LIBCMT:nlsdata2.obj
 0002:00000ca4       ??_C@_1BA@EPANDLNG@?$AAO?$AAc?$AAt?$AAo?$AAb?$AAe?$AAr?$AA?$AA@ 1001aca4     LIBCMT:nlsdata2.obj
 0002:00000cb4       ??_C@_1BE@DKAAMBJL@?$AAS?$AAe?$AAp?$AAt?$AAe?$AAm?$AAb?$AAe?$AAr?$AA?$AA@ 1001acb4     LIBCMT:nlsdata2.obj
 0002:00000cc8       ??_C@_1O@PAHLKOAC@?$AAA?$AAu?$AAg?$AAu?$AAs?$AAt?$AA?$AA@ 1001acc8     LIBCMT:nlsdata2.obj
 0002:00000cd8       ??_C@_19BIFMLPCD@?$AAJ?$AAu?$AAl?$AAy?$AA?$AA@ 1001acd8     LIBCMT:nlsdata2.obj
 0002:00000ce4       ??_C@_19EPFLPGAP@?$AAJ?$AAu?$AAn?$AAe?$AA?$AA@ 1001ace4     LIBCMT:nlsdata2.obj
 0002:00000cf0       ??_C@_1M@GJNLMHFD@?$AAA?$AAp?$AAr?$AAi?$AAl?$AA?$AA@ 1001acf0     LIBCMT:nlsdata2.obj
 0002:00000cfc       ??_C@_1M@IKEENEDF@?$AAM?$AAa?$AAr?$AAc?$AAh?$AA?$AA@ 1001acfc     LIBCMT:nlsdata2.obj
 0002:00000d08       ??_C@_1BC@JGDDFFAM@?$AAF?$AAe?$AAb?$AAr?$AAu?$AAa?$AAr?$AAy?$AA?$AA@ 1001ad08     LIBCMT:nlsdata2.obj
 0002:00000d1c       ??_C@_1BA@EFMEIEBA@?$AAJ?$AAa?$AAn?$AAu?$AAa?$AAr?$AAy?$AA?$AA@ 1001ad1c     LIBCMT:nlsdata2.obj
 0002:00000d2c       ??_C@_17EGKACKIF@?$AAD?$AAe?$AAc?$AA?$AA@ 1001ad2c     LIBCMT:nlsdata2.obj
 0002:00000d34       ??_C@_17BBDMLCIG@?$AAN?$AAo?$AAv?$AA?$AA@ 1001ad34     LIBCMT:nlsdata2.obj
 0002:00000d3c       ??_C@_17FNLKOI@?$AAO?$AAc?$AAt?$AA?$AA@ 1001ad3c     LIBCMT:nlsdata2.obj
 0002:00000d44       ??_C@_17HCHCOKMG@?$AAS?$AAe?$AAp?$AA?$AA@ 1001ad44     LIBCMT:nlsdata2.obj
 0002:00000d4c       ??_C@_17ICPELBCN@?$AAA?$AAu?$AAg?$AA?$AA@ 1001ad4c     LIBCMT:nlsdata2.obj
 0002:00000d54       ??_C@_17IJPCKHK@?$AAJ?$AAu?$AAl?$AA?$AA@ 1001ad54     LIBCMT:nlsdata2.obj
 0002:00000d5c       ??_C@_17KCJGOCPB@?$AAJ?$AAu?$AAn?$AA?$AA@ 1001ad5c     LIBCMT:nlsdata2.obj
 0002:00000d64       ??_C@_17PNNKMEED@?$AAM?$AAa?$AAy?$AA?$AA@ 1001ad64     LIBCMT:nlsdata2.obj
 0002:00000d6c       ??_C@_17LFPOIHDD@?$AAA?$AAp?$AAr?$AA?$AA@ 1001ad6c     LIBCMT:nlsdata2.obj
 0002:00000d74       ??_C@_17CKNLEDEC@?$AAM?$AAa?$AAr?$AA?$AA@ 1001ad74     LIBCMT:nlsdata2.obj
 0002:00000d7c       ??_C@_17LMDJEKJN@?$AAF?$AAe?$AAb?$AA?$AA@ 1001ad7c     LIBCMT:nlsdata2.obj
 0002:00000d84       ??_C@_17DKNBKCHM@?$AAJ?$AAa?$AAn?$AA?$AA@ 1001ad84     LIBCMT:nlsdata2.obj
 0002:00000d8c       ??_C@_1BC@ENMNNPAJ@?$AAS?$AAa?$AAt?$AAu?$AAr?$AAd?$AAa?$AAy?$AA?$AA@ 1001ad8c     LIBCMT:nlsdata2.obj
 0002:00000da0       ??_C@_1O@PDICJHAG@?$AAF?$AAr?$AAi?$AAd?$AAa?$AAy?$AA?$AA@ 1001ada0     LIBCMT:nlsdata2.obj
 0002:00000db0       ??_C@_1BC@HHMNLIHE@?$AAT?$AAh?$AAu?$AAr?$AAs?$AAd?$AAa?$AAy?$AA?$AA@ 1001adb0     LIBCMT:nlsdata2.obj
 0002:00000dc4       ??_C@_1BE@EBOGMDOH@?$AAW?$AAe?$AAd?$AAn?$AAe?$AAs?$AAd?$AAa?$AAy?$AA?$AA@ 1001adc4     LIBCMT:nlsdata2.obj
 0002:00000dd8       ??_C@_1BA@ENFBFFEK@?$AAT?$AAu?$AAe?$AAs?$AAd?$AAa?$AAy?$AA?$AA@ 1001add8     LIBCMT:nlsdata2.obj
 0002:00000de8       ??_C@_1O@MMNBFLIA@?$AAM?$AAo?$AAn?$AAd?$AAa?$AAy?$AA?$AA@ 1001ade8     LIBCMT:nlsdata2.obj
 0002:00000df8       ??_C@_1O@IHNHDHPB@?$AAS?$AAu?$AAn?$AAd?$AAa?$AAy?$AA?$AA@ 1001adf8     LIBCMT:nlsdata2.obj
 0002:00000e08       ??_C@_17GGIBDPIH@?$AAS?$AAa?$AAt?$AA?$AA@ 1001ae08     LIBCMT:nlsdata2.obj
 0002:00000e10       ??_C@_17HFOLPPLP@?$AAF?$AAr?$AAi?$AA?$AA@ 1001ae10     LIBCMT:nlsdata2.obj
 0002:00000e18       ??_C@_17PDPHAADD@?$AAT?$AAh?$AAu?$AA?$AA@ 1001ae18     LIBCMT:nlsdata2.obj
 0002:00000e20       ??_C@_17CJEDCEPE@?$AAW?$AAe?$AAd?$AA?$AA@ 1001ae20     LIBCMT:nlsdata2.obj
 0002:00000e28       ??_C@_17BMKGEGOJ@?$AAT?$AAu?$AAe?$AA?$AA@ 1001ae28     LIBCMT:nlsdata2.obj
 0002:00000e30       ??_C@_17KBOMKBF@?$AAM?$AAo?$AAn?$AA?$AA@ 1001ae30     LIBCMT:nlsdata2.obj
 0002:00000e38       ??_C@_17MBGCMIPB@?$AAS?$AAu?$AAn?$AA?$AA@ 1001ae38     LIBCMT:nlsdata2.obj
 0002:00000e40       ??_C@_08JCCMCCIL@HH?3mm?3ss?$AA@ 1001ae40     LIBCMT:nlsdata2.obj
 0002:00000e4c       ??_C@_0BE@CKGJFCPC@dddd?0?5MMMM?5dd?0?5yyyy?$AA@ 1001ae4c     LIBCMT:nlsdata2.obj
 0002:00000e60       ??_C@_08BPBNCDIB@MM?1dd?1yy?$AA@ 1001ae60     LIBCMT:nlsdata2.obj
 0002:00000e6c       ??_C@_02CJNFDJBF@PM?$AA@   1001ae6c     LIBCMT:nlsdata2.obj
 0002:00000e70       ??_C@_02DEDBPAFC@AM?$AA@   1001ae70     LIBCMT:nlsdata2.obj
 0002:00000e74       ??_C@_08EDHMEBNP@December?$AA@ 1001ae74     LIBCMT:nlsdata2.obj
 0002:00000e80       ??_C@_08HCHEGEOA@November?$AA@ 1001ae80     LIBCMT:nlsdata2.obj
 0002:00000e8c       ??_C@_07JJNFCEND@October?$AA@ 1001ae8c     LIBCMT:nlsdata2.obj
 0002:00000e94       ??_C@_09BHHEALKD@September?$AA@ 1001ae94     LIBCMT:nlsdata2.obj
 0002:00000ea0       ??_C@_06LBBHFDDG@August?$AA@ 1001aea0     LIBCMT:nlsdata2.obj
 0002:00000ea8       ??_C@_04MIEPOIFP@July?$AA@ 1001aea8     LIBCMT:nlsdata2.obj
 0002:00000eb0       ??_C@_04CNLMGBGM@June?$AA@ 1001aeb0     LIBCMT:nlsdata2.obj
 0002:00000eb8       ??_C@_05DMJDNLEJ@April?$AA@ 1001aeb8     LIBCMT:nlsdata2.obj
 0002:00000ec0       ??_C@_05HPCKOFNC@March?$AA@ 1001aec0     LIBCMT:nlsdata2.obj
 0002:00000ec8       ??_C@_08GNJGEPFN@February?$AA@ 1001aec8     LIBCMT:nlsdata2.obj
 0002:00000ed4       ??_C@_07CGJPFGJA@January?$AA@ 1001aed4     LIBCMT:nlsdata2.obj
 0002:00000edc       ??_C@_03MKABNOCG@Dec?$AA@  1001aedc     LIBCMT:nlsdata2.obj
 0002:00000ee0       ??_C@_03JPJOFNIA@Nov?$AA@  1001aee0     LIBCMT:nlsdata2.obj
 0002:00000ee4       ??_C@_03BMAOKBAD@Oct?$AA@  1001aee4     LIBCMT:nlsdata2.obj
 0002:00000ee8       ??_C@_03GGCAPAJC@Sep?$AA@  1001aee8     LIBCMT:nlsdata2.obj
 0002:00000eec       ??_C@_03IFJFEIGA@Aug?$AA@  1001aeec     LIBCMT:nlsdata2.obj
 0002:00000ef0       ??_C@_03LBGABGKK@Jul?$AA@  1001aef0     LIBCMT:nlsdata2.obj
 0002:00000ef4       ??_C@_03IDFGHECI@Jun?$AA@  1001aef4     LIBCMT:nlsdata2.obj
 0002:00000ef8       ??_C@_03CNMDKL@May?$AA@    1001aef8     LIBCMT:nlsdata2.obj
 0002:00000efc       ??_C@_03LEOLGMJP@Apr?$AA@  1001aefc     LIBCMT:nlsdata2.obj
 0002:00000f00       ??_C@_03ODNJBKGA@Mar?$AA@  1001af00     LIBCMT:nlsdata2.obj
 0002:00000f04       ??_C@_03HJBDCHOM@Feb?$AA@  1001af04     LIBCMT:nlsdata2.obj
 0002:00000f08       ??_C@_03JIHJHPIE@Jan?$AA@  1001af08     LIBCMT:nlsdata2.obj
 0002:00000f0c       ??_C@_08INBOOONO@Saturday?$AA@ 1001af0c     LIBCMT:nlsdata2.obj
 0002:00000f18       ??_C@_06JECMNKMI@Friday?$AA@ 1001af18     LIBCMT:nlsdata2.obj
 0002:00000f20       ??_C@_08HACCIKIA@Thursday?$AA@ 1001af20     LIBCMT:nlsdata2.obj
 0002:00000f2c       ??_C@_09DLIGFAKA@Wednesday?$AA@ 1001af2c     LIBCMT:nlsdata2.obj
 0002:00000f38       ??_C@_07BAAGCFCM@Tuesday?$AA@ 1001af38     LIBCMT:nlsdata2.obj
 0002:00000f40       ??_C@_06JLEDEDGH@Monday?$AA@ 1001af40     LIBCMT:nlsdata2.obj
 0002:00000f48       ??_C@_06OOPIFAJ@Sunday?$AA@ 1001af48     LIBCMT:nlsdata2.obj
 0002:00000f50       ??_C@_03FEFJNEK@Sat?$AA@   1001af50     LIBCMT:nlsdata2.obj
 0002:00000f54       ??_C@_03IDIOELNC@Fri?$AA@  1001af54     LIBCMT:nlsdata2.obj
 0002:00000f58       ??_C@_03IOFIKPDN@Thu?$AA@  1001af58     LIBCMT:nlsdata2.obj
 0002:00000f5c       ??_C@_03MHOMLAJA@Wed?$AA@  1001af5c     LIBCMT:nlsdata2.obj
 0002:00000f60       ??_C@_03NAGEINEP@Tue?$AA@  1001af60     LIBCMT:nlsdata2.obj
 0002:00000f64       ??_C@_03PDAGKDH@Mon?$AA@   1001af64     LIBCMT:nlsdata2.obj
 0002:00000f68       ??_C@_03KOEHGMDN@Sun?$AA@  1001af68     LIBCMT:nlsdata2.obj
 0002:00000f6c       ??_C@_1BK@DBDEIDLH@?$AAK?$AAE?$AAR?$AAN?$AAE?$AAL?$AA3?$AA2?$AA?4?$AAD?$AAL?$AAL?$AA?$AA@ 1001af6c     LIBCMT:tidtable.obj
 0002:00000f88       ??_C@_07PEJMOBNF@FlsFree?$AA@ 1001af88     LIBCMT:tidtable.obj
 0002:00000f90       ??_C@_0M@JCPCPOEF@FlsSetValue?$AA@ 1001af90     LIBCMT:tidtable.obj
 0002:00000f9c       ??_C@_0M@GDNOONDI@FlsGetValue?$AA@ 1001af9c     LIBCMT:tidtable.obj
 0002:00000fa8       ??_C@_08KNHFBNJ@FlsAlloc?$AA@ 1001afa8     LIBCMT:tidtable.obj
 0002:00000fb4       ??_C@_0BG@KLEAJEFJ@Illegal?5byte?5sequence?$AA@ 1001afb4     LIBCMT:syserr.obj
 0002:00000fcc       ??_C@_0BE@ICMCHPHH@Directory?5not?5empty?$AA@ 1001afcc     LIBCMT:syserr.obj
 0002:00000fe0       ??_C@_0BJ@IHEHINLI@Function?5not?5implemented?$AA@ 1001afe0     LIBCMT:syserr.obj
 0002:00000ffc       ??_C@_0BD@CLHBCGPB@No?5locks?5available?$AA@ 1001affc     LIBCMT:syserr.obj
 0002:00001010       ??_C@_0BC@BEDIHIDK@Filename?5too?5long?$AA@ 1001b010     LIBCMT:syserr.obj
 0002:00001024       ??_C@_0BK@JAEBMJJM@Resource?5deadlock?5avoided?$AA@ 1001b024     LIBCMT:syserr.obj
 0002:00001040       ??_C@_0BB@FCBJFCAJ@Result?5too?5large?$AA@ 1001b040     LIBCMT:syserr.obj
 0002:00001054       ??_C@_0N@MMJPGLJK@Domain?5error?$AA@ 1001b054     LIBCMT:syserr.obj
 0002:00001064       ??_C@_0M@LHEPIIOM@Broken?5pipe?$AA@ 1001b064     LIBCMT:syserr.obj
 0002:00001070       ??_C@_0P@PKCJJLLM@Too?5many?5links?$AA@ 1001b070     LIBCMT:syserr.obj
 0002:00001080       ??_C@_0BG@DDBFNKBH@Read?9only?5file?5system?$AA@ 1001b080     LIBCMT:syserr.obj
 0002:00001098       ??_C@_0N@FEHLOILP@Invalid?5seek?$AA@ 1001b098     LIBCMT:syserr.obj
 0002:000010a8       ??_C@_0BI@FEALHKLD@No?5space?5left?5on?5device?$AA@ 1001b0a8     LIBCMT:syserr.obj
 0002:000010c0       ??_C@_0P@LFMMIPAE@File?5too?5large?$AA@ 1001b0c0     LIBCMT:syserr.obj
 0002:000010d0       ??_C@_0CE@ONOKNLPF@Inappropriate?5I?1O?5control?5operat@ 1001b0d0     LIBCMT:syserr.obj
 0002:000010f4       ??_C@_0BE@INBJMKGG@Too?5many?5open?5files?$AA@ 1001b0f4     LIBCMT:syserr.obj
 0002:00001108       ??_C@_0BO@IIFBODJE@Too?5many?5open?5files?5in?5system?$AA@ 1001b108     LIBCMT:syserr.obj
 0002:00001128       ??_C@_0BB@HMGGCEBG@Invalid?5argument?$AA@ 1001b128     LIBCMT:syserr.obj
 0002:0000113c       ??_C@_0P@NDHGCGKE@Is?5a?5directory?$AA@ 1001b13c     LIBCMT:syserr.obj
 0002:0000114c       ??_C@_0BA@CJBACOOL@Not?5a?5directory?$AA@ 1001b14c     LIBCMT:syserr.obj
 0002:0000115c       ??_C@_0P@NLEIANHE@No?5such?5device?$AA@ 1001b15c     LIBCMT:syserr.obj
 0002:0000116c       ??_C@_0O@OAMDNOCP@Improper?5link?$AA@ 1001b16c     LIBCMT:syserr.obj
 0002:0000117c       ??_C@_0M@NAAJNNGH@File?5exists?$AA@ 1001b17c     LIBCMT:syserr.obj
 0002:00001188       ??_C@_0BA@BIBLIOEK@Resource?5device?$AA@ 1001b188     LIBCMT:syserr.obj
 0002:00001198       ??_C@_0O@NIPGCINC@Unknown?5error?$AA@ 1001b198     LIBCMT:syserr.obj
 0002:000011a8       ??_C@_0M@LOEHLCJD@Bad?5address?$AA@ 1001b1a8     LIBCMT:syserr.obj
 0002:000011b4       ??_C@_0BC@HFNFNKAI@Permission?5denied?$AA@ 1001b1b4     LIBCMT:syserr.obj
 0002:000011c8       ??_C@_0BB@IMDKMPFB@Not?5enough?5space?$AA@ 1001b1c8     LIBCMT:syserr.obj
 0002:000011dc       ??_C@_0CB@EPFKGNAK@Resource?5temporarily?5unavailable@ 1001b1dc     LIBCMT:syserr.obj
 0002:00001200       ??_C@_0BD@LOHELEP@No?5child?5processes?$AA@ 1001b200     LIBCMT:syserr.obj
 0002:00001214       ??_C@_0BE@NFGDDCEF@Bad?5file?5descriptor?$AA@ 1001b214     LIBCMT:syserr.obj
 0002:00001228       ??_C@_0BC@HKPNECK@Exec?5format?5error?$AA@ 1001b228     LIBCMT:syserr.obj
 0002:0000123c       ??_C@_0BC@MFFGCDFL@Arg?5list?5too?5long?$AA@ 1001b23c     LIBCMT:syserr.obj
 0002:00001250       ??_C@_0BK@DPKMCKJ@No?5such?5device?5or?5address?$AA@ 1001b250     LIBCMT:syserr.obj
 0002:0000126c       ??_C@_0BD@KKNFOBBD@Input?1output?5error?$AA@ 1001b26c     LIBCMT:syserr.obj
 0002:00001280       ??_C@_0BK@FJBOAFDK@Interrupted?5function?5call?$AA@ 1001b280     LIBCMT:syserr.obj
 0002:0000129c       ??_C@_0BA@FKIAIBGA@No?5such?5process?$AA@ 1001b29c     LIBCMT:syserr.obj
 0002:000012ac       ??_C@_0BK@FMDHKPNF@No?5such?5file?5or?5directory?$AA@ 1001b2ac     LIBCMT:syserr.obj
 0002:000012c8       ??_C@_0BI@BJFCGOHL@Operation?5not?5permitted?$AA@ 1001b2c8     LIBCMT:syserr.obj
 0002:000012e0       ??_C@_08INEPGKHH@No?5error?$AA@ 1001b2e0     LIBCMT:syserr.obj
 0002:00001310       __XcptActTab               1001b310     LIBCMT:winxfltr.obj
 0002:000013a0       __First_FPE_Indx           1001b3a0     LIBCMT:winxfltr.obj
 0002:000013a4       __Num_FPE                  1001b3a4     LIBCMT:winxfltr.obj
 0002:000013a8       __XcptActTabSize           1001b3a8     LIBCMT:winxfltr.obj
 0002:000013ac       __XcptActTabCount          1001b3ac     LIBCMT:winxfltr.obj
 0002:000013b0       ??_C@_0BI@DFKBFLJE@GetProcessWindowStation?$AA@ 1001b3b0     LIBCMT:crtmboxw.obj
 0002:000013c8       ??_C@_0BK@DEKFELLI@GetUserObjectInformationW?$AA@ 1001b3c8     LIBCMT:crtmboxw.obj
 0002:000013e4       ??_C@_0BD@HHGDFDBJ@GetLastActivePopup?$AA@ 1001b3e4     LIBCMT:crtmboxw.obj
 0002:000013f8       ??_C@_0BA@HNOPNCHB@GetActiveWindow?$AA@ 1001b3f8     LIBCMT:crtmboxw.obj
 0002:00001408       ??_C@_0M@DLDCCGNP@MessageBoxW?$AA@ 1001b408     LIBCMT:crtmboxw.obj
 0002:00001414       ??_C@_1BG@GOEBHBDC@?$AAU?$AAS?$AAE?$AAR?$AA3?$AA2?$AA?4?$AAD?$AAL?$AAL?$AA?$AA@ 1001b414     LIBCMT:crtmboxw.obj
 0002:00001430       ___newctype                1001b430     LIBCMT:ctype.obj
 0002:00001730       __wctype                   1001b730     LIBCMT:ctype.obj
 0002:00001938       ___newclmap                1001b938     LIBCMT:ctype.obj
 0002:00001ab8       ___newcumap                1001bab8     LIBCMT:ctype.obj
 0002:00001c40       ??_C@_1BA@BALFACEM@?$AAC?$AAO?$AAN?$AAO?$AAU?$AAT?$AA$?$AA?$AA@ 1001bc40     LIBCMT:initcon.obj
 0002:00001c50       ___lookuptable_s           1001bc50     LIBCMT:outputs.obj
 0002:00001d30       ??_C@_06CJNJFBNP@1?42?411?$AA@ 1001bd30     compress.obj
 0002:00001d38       _z_errmsg                  1001bd38     zutil.obj
 0002:00001d60       _zip_copyright             1001bd60     zip.obj
 0002:00001db0       _unz_copyright             1001bdb0     unzip.obj
 0002:00002450       __dist_code                1001c450     trees.obj
 0002:00002650       __length_code              1001c650     trees.obj
 0002:0000287c       _inflate_copyright         1001c87c     inftrees.obj
 0002:00003b00       _deflate_copyright         1001db00     deflate.obj
 0002:00005bc8       ??_C@_02DKCKIIND@?$CFs?$AA@ 1001fbc8     gzlib.obj
 0002:00005bcc       ??_C@_07EBNKNFJN@?$DMfd?3?$CFd?$DO?$AA@ 1001fbcc     gzlib.obj
 0002:00005bd4       ??_C@_0O@BNNCBLEN@out?5of?5memory?$AA@ 1001fbd4     gzlib.obj
 0002:00005be2       ??_C@_00CNPNBAHC@?$AA@     1001fbe2     gzlib.obj
 0002:00005be4       ??_C@_02LMMGGCAJ@?3?5?$AA@ 1001fbe4     gzlib.obj
 0002:00005be8       ??_C@_06DIJPEION@?$CFs?$CFs?$CFs?$AA@ 1001fbe8     gzlib.obj
 0002:00005bf0       ??_C@_0BH@CFIIDOJD@unexpected?5end?5of?5file?$AA@ 1001fbf0     gzread.obj
 0002:00005c08       ??_C@_0CH@CPOLIEKA@internal?5error?3?5inflate?5stream?5c@ 1001fc08     gzread.obj
 0002:00005c30       ??_C@_0BG@HCKBMIHF@compressed?5data?5error?$AA@ 1001fc30     gzread.obj
 0002:00005c48       ??_C@_0BP@HLDABFKK@request?5does?5not?5fit?5in?5an?5int?$AA@ 1001fc48     gzread.obj
 0002:00005c68       ??_C@_0CB@EGGJDMIK@request?5does?5not?5fit?5in?5a?5size_t@ 1001fc68     gzread.obj
 0002:00005c8c       ??_C@_0BP@IIKIGMCC@out?5of?5room?5to?5push?5characters?$AA@ 1001fc8c     gzread.obj
 0002:00005cac       ??_C@_0CH@DEEGAHIB@internal?5error?3?5deflate?5stream?5c@ 1001fcac     gzwrite.obj
 0002:00005cd4       ??_C@_0CF@MLPJFDMM@requested?5length?5does?5not?5fit?5in@ 1001fcd4     gzwrite.obj
 0002:00005cfc       ??_C@_0BD@PJCBIDD@invalid?5block?5type?$AA@ 1001fcfc     infback.obj
 0002:00005d10       ??_C@_0BN@LGAADGOK@invalid?5stored?5block?5lengths?$AA@ 1001fd10     infback.obj
 0002:00005d30       ??_C@_0CE@GMIGFPBB@too?5many?5length?5or?5distance?5symb@ 1001fd30     infback.obj
 0002:00005d54       ??_C@_0BJ@HDEPPGOH@invalid?5code?5lengths?5set?$AA@ 1001fd54     infback.obj
 0002:00005d70       ??_C@_0BK@BMMPFBBH@invalid?5bit?5length?5repeat?$AA@ 1001fd70     infback.obj
 0002:00005d8c       ??_C@_0CF@DGDMADCD@invalid?5code?5?9?9?5missing?5end?9of?9b@ 1001fd8c     infback.obj
 0002:00005db4       ??_C@_0BM@IIMGAINC@invalid?5literal?1lengths?5set?$AA@ 1001fdb4     infback.obj
 0002:00005dd0       ??_C@_0BG@GMDFCBGP@invalid?5distances?5set?$AA@ 1001fdd0     infback.obj
 0002:00005de8       ??_C@_0BM@FFFLPBBC@invalid?5literal?1length?5code?$AA@ 1001fde8     infback.obj
 0002:00005e04       ??_C@_0BG@LBKINIKP@invalid?5distance?5code?$AA@ 1001fe04     infback.obj
 0002:00005e1c       ??_C@_0BO@ECPMAOGG@invalid?5distance?5too?5far?5back?$AA@ 1001fe1c     infback.obj
 0002:00005e3c       ??_C@_0BH@LIBMMIGA@incorrect?5header?5check?$AA@ 1001fe3c     inflate.obj
 0002:00005e54       ??_C@_0BL@IHKGDAEE@unknown?5compression?5method?$AA@ 1001fe54     inflate.obj
 0002:00005e70       ??_C@_0BE@EMOGCLGO@invalid?5window?5size?$AA@ 1001fe70     inflate.obj
 0002:00005e84       ??_C@_0BJ@BLBBCOMO@unknown?5header?5flags?5set?$AA@ 1001fe84     inflate.obj
 0002:00005ea0       ??_C@_0BE@GONKLEPM@header?5crc?5mismatch?$AA@ 1001fea0     inflate.obj
 0002:00005eb4       ??_C@_0BF@MEIGEHBE@incorrect?5data?5check?$AA@ 1001feb4     inflate.obj
 0002:00005ecc       ??_C@_0BH@FGKKJGOC@incorrect?5length?5check?$AA@ 1001fecc     inflate.obj
 0002:00005ee4       ??_C@_02JDPG@rb?$AA@       1001fee4     ioapi.obj
 0002:00005ee8       ??_C@_03HMFOOINA@r?$CLb?$AA@ 1001fee8     ioapi.obj
 0002:00005eec       ??_C@_02GMLFBBN@wb?$AA@    1001feec     ioapi.obj
 0002:00005ef0       ??_C@_01JOAMLHOP@?9?$AA@   1001fef0     zip.obj
 0002:00005ef4       ??_C@_0BF@CJFPCCEG@incompatible?5version?$AA@ 1001fef4     zutil.obj
 0002:00005f0c       ??_C@_0N@DFPGLBGC@buffer?5error?$AA@ 1001ff0c     zutil.obj
 0002:00005f1c       ??_C@_0BE@OGGJBMCE@insufficient?5memory?$AA@ 1001ff1c     zutil.obj
 0002:00005f30       ??_C@_0L@HAHMBNLP@data?5error?$AA@ 1001ff30     zutil.obj
 0002:00005f3c       ??_C@_0N@MKKNPMJD@stream?5error?$AA@ 1001ff3c     zutil.obj
 0002:00005f4c       ??_C@_0L@KIJFAKBJ@file?5error?$AA@ 1001ff4c     zutil.obj
 0002:00005f58       ??_C@_0L@FNAOCBOG@stream?5end?$AA@ 1001ff58     zutil.obj
 0002:00005f64       ??_C@_0BA@MOKMMFOD@need?5dictionary?$AA@ 1001ff64     zutil.obj
 0002:00005f74       ___rtc_iaa                 1001ff74     LIBCMT:_initsect_.obj
 0002:00005f78       ___rtc_izz                 1001ff78     LIBCMT:_initsect_.obj
 0002:00005f7c       ___rtc_taa                 1001ff7c     LIBCMT:_initsect_.obj
 0002:00005f80       ___rtc_tzz                 1001ff80     LIBCMT:_initsect_.obj
 0002:000063a4       __IMPORT_DESCRIPTOR_KERNEL32 100203a4     kernel32:KERNEL32.dll
 0002:000063b8       __NULL_IMPORT_DESCRIPTOR   100203b8     kernel32:KERNEL32.dll
 0003:00000170       ___badioinfo               10022170     LIBCMT:ioinit.obj
 0003:000001b0       __lookuptrailbytes         100221b0     LIBCMT:read.obj
 0003:000002b0       ___nullstring              100222b0     LIBCMT:output.obj
 0003:000002b4       ___wnullstring             100222b4     LIBCMT:output.obj
 0003:000002b8       ___initialmbcinfo          100222b8     LIBCMT:mbctype.obj
 0003:000004d8       __mbctype                  100224d8     LIBCMT:mbctype.obj
 0003:000005e0       __mbcasemap                100225e0     LIBCMT:mbctype.obj
 0003:000006e0       ___ptmbcinfo               100226e0     LIBCMT:mbctype.obj
 0003:000007d8       ___globallocalestatus      100227d8     LIBCMT:glstatus.obj
 0003:000007dc       ___clocalestr              100227dc     LIBCMT:nlsdata2.obj
 0003:000007e0       ___lc_time_c               100227e0     LIBCMT:nlsdata2.obj
 0003:00000948       ___initiallocinfo          10022948     LIBCMT:nlsdata2.obj
 0003:00000a20       ___ptlocinfo               10022a20     LIBCMT:nlsdata2.obj
 0003:00000a24       ___flsindex                10022a24     LIBCMT:tidtable.obj
 0003:00000a28       ___getvalueindex           10022a28     LIBCMT:tidtable.obj
 0003:00000a2c       ___security_cookie         10022a2c     LIBCMT:gs_cookie.obj
 0003:00000a30       ___security_cookie_complement 10022a30     LIBCMT:gs_cookie.obj
 0003:00000a38       __sys_errlist              10022a38     LIBCMT:syserr.obj
 0003:00000ae8       __sys_nerr                 10022ae8     LIBCMT:syserr.obj
 0003:00000af0       __iob                      10022af0     LIBCMT:_file.obj
 0003:00000e90       __cfltcvt_tab              10022e90     LIBCMT:cmiscdat.obj
 0003:00000ec0       ___lconv_static_decimal    10022ec0     LIBCMT:lconv.obj
 0003:00000ec4       ___lconv_static_W_decimal  10022ec4     LIBCMT:lconv.obj
 0003:00000ec8       ___lconv_c                 10022ec8     LIBCMT:lconv.obj
 0003:00000f18       ___lconv                   10022f18     LIBCMT:lconv.obj
 0003:00000f1c       __pctype                   10022f1c     LIBCMT:ctype.obj
 0003:00000f20       __pwctype                  10022f20     LIBCMT:ctype.obj
 0003:00000f30       __NLG_Destination          10022f30     LIBCMT:exsup.obj
 0003:00000f40       __confh                    10022f40     LIBCMT:initcon.obj
 0003:00000f44       ___abort_behavior          10022f44     LIBCMT:abort.obj
 0003:00000f54       ___mb_cur_max              10022f54     LIBCMT:nlsdata1.obj
 0003:00000f58       ___decimal_point           10022f58     LIBCMT:nlsdata1.obj
 0003:00000f5c       ___decimal_point_length    10022f5c     LIBCMT:nlsdata1.obj
 0003:00000f64       __aenvptr                  10022f64     LIBCMT:dllcrt0.obj
 0003:00000f68       __wenvptr                  10022f68     LIBCMT:dllcrt0.obj
 0003:00000f6c       ___error_mode              10022f6c     LIBCMT:dllcrt0.obj
 0003:00000f70       ___app_type                10022f70     LIBCMT:dllcrt0.obj
 0003:00000f74       ___pInvalidArgHandler      10022f74     LIBCMT:invarg.obj
 0003:00000f78       __umaskval                 10022f78     LIBCMT:crt0dat.obj
 0003:00000f7c       ___argc                    10022f7c     LIBCMT:crt0dat.obj
 0003:00000f80       ___argv                    10022f80     LIBCMT:crt0dat.obj
 0003:00000f84       ___wargv                   10022f84     LIBCMT:crt0dat.obj
 0003:00000f88       __environ                  10022f88     LIBCMT:crt0dat.obj
 0003:00000f8c       ___initenv                 10022f8c     LIBCMT:crt0dat.obj
 0003:00000f90       __wenviron                 10022f90     LIBCMT:crt0dat.obj
 0003:00000f94       ___winitenv                10022f94     LIBCMT:crt0dat.obj
 0003:00000f98       __pgmptr                   10022f98     LIBCMT:crt0dat.obj
 0003:00000f9c       __wpgmptr                  10022f9c     LIBCMT:crt0dat.obj
 0003:00000fa0       __exitflag                 10022fa0     LIBCMT:crt0dat.obj
 0003:00000fa4       __C_Termination_Done       10022fa4     LIBCMT:crt0dat.obj
 0003:00000fa8       __C_Exit_Done              10022fa8     LIBCMT:crt0dat.obj
 0003:00000fac       __crtheap                  10022fac     LIBCMT:heapinit.obj
 0003:000015d8       ?_pnhHeap@@3P6AHI@ZA       100235d8     LIBCMT:handler.obj
 0003:000015dc       __newmode                  100235dc     LIBCMT:_newmode.obj
 0003:000015e4       ___mbulinfo                100235e4     LIBCMT:mbctype.obj
 0003:000015f0       ___mbcodepage              100235f0     LIBCMT:mbctype.obj
 0003:000015f4       ___ismbcodepage            100235f4     LIBCMT:mbctype.obj
 0003:000015f8       ___mblcid                  100235f8     LIBCMT:mbctype.obj
 0003:000015fc       _gpFlsAlloc                100235fc     LIBCMT:tidtable.obj
 0003:00001600       _gpFlsGetValue             10023600     LIBCMT:tidtable.obj
 0003:00001604       _gpFlsSetValue             10023604     LIBCMT:tidtable.obj
 0003:00001608       _gpFlsFree                 10023608     LIBCMT:tidtable.obj
 0003:0000160c       __maxwait                  1002360c     LIBCMT:crtheap.obj
 0003:00001610       __cflush                   10023610     LIBCMT:_file.obj
 0003:00001870       ?__pInconsistency@@3P6AXXZA 10023870     LIBCMT:hooks.obj
 0003:0000188c       ___pPurecall               1002388c     LIBCMT:inithelp.obj
 0003:00001890       __fmode                    10023890     LIBCMT:txtmode.obj
 0003:000018ac       ___lconv_static_null       100238ac     LIBCMT:lconv.obj
 0003:000018b0       ___lconv_static_W_null     100238b0     LIBCMT:lconv.obj
 0003:00001bdc       __commode                  10023bdc     LIBCMT:ncommode.obj
 0003:00001be0       __stdbuf                   10023be0     LIBCMT:_sftbuf.obj
 0003:00001be8       ___locale_changed          10023be8     LIBCMT:setlocal.obj
 0003:00001bf0       ___sse2_available          10023bf0     <common>
 0003:00001bf4       __debugger_hook_dummy      10023bf4     <common>
 0003:00001bf8       ___piob                    10023bf8     <common>
 0003:00001c00       __bufin                    10023c00     <common>
 0003:00002c00       __nstream                  10024c00     <common>
 0003:00002c04       ___env_initialized         10024c04     <common>
 0003:00002c08       ___onexitend               10024c08     <common>
 0003:00002c0c       ___onexitbegin             10024c0c     <common>
 0003:00002c10       ___mbctype_initialized     10024c10     <common>
 0003:00002c14       __FPinit                   10024c14     <common>
 0003:00002c18       ___dyn_tls_init_callback   10024c18     <common>
 0003:00002c1c       __pDestructExceptionObject 10024c1c     <common>
 0003:00002c20       __nhandle                  10024c20     <common>
 0003:00002c40       ___pioinfo                 10024c40     <common>
 0003:00002d40       __acmdln                   10024d40     <common>

 entry point at        0001:0001064c

 Static symbols

 0001:00000280       _adler32_combine_          10001280 f    CIL library: CIL module
 0001:000004c0       _crc32_little              100014c0 f    CIL library: CIL module
 0001:00000780       _gf2_matrix_times          10001780 f    CIL library: CIL module
 0001:000007a0       _gf2_matrix_square         100017a0 f    CIL library: CIL module
 0001:000007d0       _crc32_combine_            100017d0 f    CIL library: CIL module
 0001:000008d0       _slide_hash                100018d0 f    CIL library: CIL module
 0001:00000ba0       _deflateStateCheck         10001ba0 f    CIL library: CIL module
 0001:00001220       _putShortMSB               10002220 f    CIL library: CIL module
 0001:00001250       _flush_pending             10002250 f    CIL library: CIL module
 0001:00001de0       _read_buf                  10002de0 f    CIL library: CIL module
 0001:00001e50       _lm_init                   10002e50 f    CIL library: CIL module
 0001:00001ee0       _longest_match             10002ee0 f    CIL library: CIL module
 0001:00002040       _fill_window               10003040 f    CIL library: CIL module
 0001:000021e0       _deflate_stored            100031e0 f    CIL library: CIL module
 0001:00002570       _deflate_fast              10003570 f    CIL library: CIL module
 0001:000028a0       _deflate_slow              100038a0 f    CIL library: CIL module
 0001:00002ca0       _deflate_rle               10003ca0 f    CIL library: CIL module
 0001:00002f50       _deflate_huff              10003f50 f    CIL library: CIL module
 0001:000030e0       _gz_reset                  100040e0 f    CIL library: CIL module
 0001:00003120       _gz_open                   10004120 f    CIL library: CIL module
 0001:00003990       _gz_load                   10004990 f    CIL library: CIL module
 0001:00003a10       _gz_avail                  10004a10 f    CIL library: CIL module
 0001:00003a80       _gz_look                   10004a80 f    CIL library: CIL module
 0001:00003bf0       _gz_decomp                 10004bf0 f    CIL library: CIL module
 0001:00003cf0       _gz_fetch                  10004cf0 f    CIL library: CIL module
 0001:00003d70       _gz_skip                   10004d70 f    CIL library: CIL module
 0001:00003de0       _gz_read                   10004de0 f    CIL library: CIL module
 0001:00004330       _gz_init                   10005330 f    CIL library: CIL module
 0001:00004410       _gz_comp                   10005410 f    CIL library: CIL module
 0001:00004580       _gz_zero                   10005580 f    CIL library: CIL module
 0001:00004630       _gz_write                  10005630 f    CIL library: CIL module
 0001:00004cc0       _fixedtables               10005cc0 f    CIL library: CIL module
 0001:00005e10       _inflateStateCheck         10006e10 f    CIL library: CIL module
 0001:00006100       _fixedtables               10007100 f    CIL library: CIL module
 0001:00006120       _updatewindow              10007120 f    CIL library: CIL module
 0001:00007980       _syncsearch                10008980 f    CIL library: CIL module
 0001:00008220       _fopen64_file_func         10009220 f    CIL library: CIL module
 0001:00008270       _fread_file_func           10009270 f    CIL library: CIL module
 0001:00008290       _fwrite_file_func          10009290 f    CIL library: CIL module
 0001:000082b0       _ftell64_file_func         100092b0 f    CIL library: CIL module
 0001:000082d0       _fseek64_file_func         100092d0 f    CIL library: CIL module
 0001:00008320       _fclose_file_func          10009320 f    CIL library: CIL module
 0001:00008340       _ferror_file_func          10009340 f    CIL library: CIL module
 0001:000083a0       _win32_translate_open_mode 100093a0 f    CIL library: CIL module
 0001:00008410       _win32_build_iowin         10009410 f    CIL library: CIL module
 0001:000085b0       _MySetFilePointerEx        100095b0 f    CIL library: CIL module
 0001:00008910       _init_block                10009910 f    CIL library: CIL module
 0001:00008990       _pqdownheap                10009990 f    CIL library: CIL module
 0001:00008a70       _gen_bitlen                10009a70 f    CIL library: CIL module
 0001:00008c70       _gen_codes                 10009c70 f    CIL library: CIL module
 0001:00008cd0       _build_tree                10009cd0 f    CIL library: CIL module
 0001:00008ed0       _scan_tree                 10009ed0 f    CIL library: CIL module
 0001:00008fb0       _send_tree                 10009fb0 f    CIL library: CIL module
 0001:00009530       _build_bl_tree             1000a530 f    CIL library: CIL module
 0001:00009600       _send_all_trees            1000a600 f    CIL library: CIL module
 0001:00009c40       _compress_block            1000ac40 f    CIL library: CIL module
 0001:0000a020       _detect_data_type          1000b020 f    CIL library: CIL module
 0001:0000a090       _bi_reverse                1000b090 f    CIL library: CIL module
 0001:0000a0b0       _bi_flush                  1000b0b0 f    CIL library: CIL module
 0001:0000a130       _bi_windup                 1000b130 f    CIL library: CIL module
 0001:0000a2e0       _unz64local_getShort       1000b2e0 f    CIL library: CIL module
 0001:0000a340       _unz64local_getLong        1000b340 f    CIL library: CIL module
 0001:0000a3d0       _unz64local_getLong64      1000b3d0 f    CIL library: CIL module
 0001:0000a510       _strcmpcasenosensitive_internal 1000b510 f    CIL library: CIL module
 0001:0000a5b0       _zip64local_SearchCentralDir 1000b5b0 f    CIL library: CIL module
 0001:0000a5b0       _unz64local_SearchCentralDir 1000b5b0 f    CIL library: CIL module
 0001:0000a760       _unz64local_SearchCentralDir64 1000b760 f    CIL library: CIL module
 0001:0000a9f0       _unzOpenInternal           1000b9f0 f    CIL library: CIL module
 0001:0000af90       _unz64local_DosDateToTmuDate 1000bf90 f    CIL library: CIL module
 0001:0000b010       _unz64local_GetCurrentFileInfoInternal 1000c010 f    CIL library: CIL module
 0001:0000ba00       _unz64local_CheckCurrentFileCoherencyHeader 1000ca00 f    CIL library: CIL module
 0001:0000c400       _decrypt_byte              1000d400 f    CIL library: CIL module
 0001:0000c420       _update_keys               1000d420 f    CIL library: CIL module
 0001:0000c460       _init_keys                 1000d460 f    CIL library: CIL module
 0001:0000c4a0       _crypthead                 1000d4a0 f    CIL library: CIL module
 0001:0000c5b0       _allocate_new_datablock    1000d5b0 f    CIL library: CIL module
 0001:0000c5e0       _free_datablock            1000d5e0 f    CIL library: CIL module
 0001:0000c600       _init_linkedlist           1000d600 f    CIL library: CIL module
 0001:0000c610       _free_linkedlist           1000d610 f    CIL library: CIL module
 0001:0000c630       _add_data_in_datablock     1000d630 f    CIL library: CIL module
 0001:0000c6e0       _zip64local_putValue       1000d6e0 f    CIL library: CIL module
 0001:0000c740       _zip64local_putValue_inmemory 1000d740 f    CIL library: CIL module
 0001:0000c780       _zip64local_TmzDateToDosDate 1000d780 f    CIL library: CIL module
 0001:0000c7d0       _unz64local_getByte        1000d7d0 f    CIL library: CIL module
 0001:0000c7d0       _zip64local_getByte        1000d7d0 f    CIL library: CIL module
 0001:0000c810       _zip64local_getShort       1000d810 f    CIL library: CIL module
 0001:0000c870       _zip64local_getLong        1000d870 f    CIL library: CIL module
 0001:0000c900       _zip64local_getLong64      1000d900 f    CIL library: CIL module
 0001:0000ca40       _zip64local_SearchCentralDir64 1000da40 f    CIL library: CIL module
 0001:0000dc90       _zip64FlushWriteBuffer     1000ec90 f    CIL library: CIL module
 0001:0000ea50       __tsopen_nolock            1000fa50 f   LIBCMT:wopen.obj
 0001:00010556       ___DllMainCRTStartup       10011556 f   LIBCMT:dllcrt0.obj
 0001:000123ab       _doexit                    100133ab f   LIBCMT:crt0dat.obj
 0001:000129f1       _write_char                100139f1 f   LIBCMT:output.obj
 0001:00012a24       _write_string              10013a24 f   LIBCMT:output.obj
 0001:0001370d       ?CPtoLCID@@YAHH@Z          1001470d f   LIBCMT:mbctype.obj
 0001:0001373c       ?setSBCS@@YAXPAUthreadmbcinfostruct@@@Z 1001473c f   LIBCMT:mbctype.obj
 0001:000137a0       ?setSBUpLow@@YAXPAUthreadmbcinfostruct@@@Z 100147a0 f   LIBCMT:mbctype.obj
 0001:000139d4       ?getSystemCP@@YAHH@Z       100149d4 f   LIBCMT:mbctype.obj
 0001:00014a20       _flsall                    10015a20 f   LIBCMT:fflush.obj
 0001:00014f60       __unwind_handler4          10015f60 f   LIBCMT:exsup4.obj
 0001:00015724       _parse_cmdline             10016724 f   LIBCMT:stdargv.obj
 0001:000161e7       _siglookup                 100171e7 f   LIBCMT:winsig.obj
 0001:000163ec       __onexit_nolock            100173ec f   LIBCMT:onexit.obj
 0001:00016bd5       ?__crtLCMapStringA_stat@@YAHPAUlocaleinfo_struct@@KKPBDHPADHHH@Z 10017bd5 f   LIBCMT:a_map.obj
 0001:00016e02       ?__crtGetStringTypeA_stat@@YAHPAUlocaleinfo_struct@@KPBDHPAGHHH@Z 10017e02 f   LIBCMT:a_str.obj
 0001:000177b1       __tsopen_nolock            100187b1 f   LIBCMT:open.obj
 0001:00018420       __unwind_handler           10019420 f   LIBCMT:exsup.obj
 0001:00018704       ?x_ismbbtype_l@@YAHPAUlocaleinfo_struct@@IHH@Z 10019704 f   LIBCMT:ismbbyte.obj
