 zlibwapi

 Timestamp is 5a05fb0a (Fri Nov 10 11:16:26 2017)

 Preferred load address is 10000000

 Start         Length     Name                   Class
 0001:00000000 000109b3H .text$mn                CODE
 0002:00000000 00000118H .idata$5                DATA
 0002:00000118 00000004H .00cfg                  DATA
 0002:0000011c 00000004H .CRT$XCA                DATA
 0002:00000120 00000004H .CRT$XCZ                DATA
 0002:00000124 00000004H .CRT$XIA                DATA
 0002:00000128 00000004H .CRT$XIZ                DATA
 0002:0000012c 00000004H .CRT$XPA                DATA
 0002:00000130 00000004H .CRT$XPZ                DATA
 0002:00000134 00000004H .CRT$XTA                DATA
 0002:00000138 00000008H .CRT$XTZ                DATA
 0002:0000013c 00000000H .gfids$y                DATA
 0002:00000140 000042a0H .rdata                  DATA
 0002:000043e0 00000004H .rdata$sxdata           DATA
 0002:000043e4 000002d0H .rdata$zzzdbg           DATA
 0002:000046b4 00000004H .rtc$IAA                DATA
 0002:000046b8 00000004H .rtc$IZZ                DATA
 0002:000046bc 00000004H .rtc$TAA                DATA
 0002:000046c0 00000008H .rtc$TZZ                DATA
 0002:000046c8 00000088H .xdata$x                DATA
 0002:00004750 00000cfcH .edata                  DATA
 0002:0000544c 000000a0H .idata$2                DATA
 0002:000054ec 00000014H .idata$3                DATA
 0002:00005500 00000118H .idata$4                DATA
 0002:00005618 000004d6H .idata$6                DATA
 0003:00000000 00000020H .data                   DATA
 0003:00000020 00000388H .bss                    DATA
 0004:00000000 00000060H .rsrc$01                DATA
 0004:00000060 00000338H .rsrc$02                DATA

  Address         Publics by Value              Rva+Base       Lib:Object

 0000:00000000       ___guard_longjmp_count     00000000     <absolute>
 0000:00000000       ___guard_iat_count         00000000     <absolute>
 0000:00000000       ___hybrid_auxiliary_iat    00000000     <absolute>
 0000:00000000       ___guard_fids_count        00000000     <absolute>
 0000:00000000       ___dynamic_value_reloc_table 00000000     <absolute>
 0000:00000000       ___guard_fids_table        00000000     <absolute>
 0000:00000000       ___enclave_config          00000000     <absolute>
 0000:00000000       ___guard_iat_table         00000000     <absolute>
 0000:00000000       ___guard_longjmp_table     00000000     <absolute>
 0000:00000000       ___hybrid_code_map         00000000     <absolute>
 0000:00000000       ___hybrid_code_map_count   00000000     <absolute>
 0000:00000001       ___safe_se_handler_count   00000001     <absolute>
 0000:00000100       ___guard_flags             00000100     <absolute>
 0000:00000000       ___ImageBase               10000000     <linker-defined>
 0001:00000000       _adler32_z                 10001000 f   adler32.obj
 0001:00000280       _adler32                   10001280 f   adler32.obj
 0001:00000350       _adler32_combine           10001350 f   adler32.obj
 0001:00000370       _compress2                 10001370 f   compress.obj
 0001:00000460       _compress                  10001460 f   compress.obj
 0001:00000480       _compressBound             10001480 f   compress.obj
 0001:000004a0       _get_crc_table             100014a0 f   crc32.obj
 0001:000004b0       _crc32_z                   100014b0 f   crc32.obj
 0001:000004d0       _crc32                     100014d0 f   crc32.obj
 0001:00000ba0       _crc32_combine             10001ba0 f   crc32.obj
 0001:00000c30       _deflateInit_              10001c30 f   deflate.obj
 0001:00000c60       _deflateInit2_             10001c60 f   deflate.obj
 0001:00000f00       _deflateSetDictionary      10001f00 f   deflate.obj
 0001:000010b0       _deflateGetDictionary      100020b0 f   deflate.obj
 0001:00001110       _deflateResetKeep          10002110 f   deflate.obj
 0001:000011c0       _deflateReset              100021c0 f   deflate.obj
 0001:000011f0       _deflateSetHeader          100021f0 f   deflate.obj
 0001:00001220       _deflatePending            10002220 f   deflate.obj
 0001:00001260       _deflatePrime              10002260 f   deflate.obj
 0001:000012f0       _deflateParams             100022f0 f   deflate.obj
 0001:00001440       _deflateTune               10002440 f   deflate.obj
 0001:00001480       _deflateBound              10002480 f   deflate.obj
 0001:000015f0       _deflate                   100025f0 f   deflate.obj
 0001:00001e80       _deflateEnd                10002e80 f   deflate.obj
 0001:00001f20       _deflateCopy               10002f20 f   deflate.obj
 0001:00003390       _gzclose                   10004390 f   gzclose.obj
 0001:000033c0       ___local_stdio_printf_options 100043c0 f i gzlib.obj
 0001:000033d0       _vsnprintf                 100043d0 f i gzlib.obj
 0001:00003410       _snprintf                  10004410 f i gzlib.obj
 0001:000037c0       _gzopen                    100047c0 f   gzlib.obj
 0001:000037e0       _gzdopen                   100047e0 f   gzlib.obj
 0001:00003830       _gzopen_w                  10004830 f   gzlib.obj
 0001:00003850       _gzbuffer                  10004850 f   gzlib.obj
 0001:000038a0       _gzrewind                  100048a0 f   gzlib.obj
 0001:00003900       _gzseek64                  10004900 f   gzlib.obj
 0001:00003a90       _gzseek                    10004a90 f   gzlib.obj
 0001:00003ad0       _gztell64                  10004ad0 f   gzlib.obj
 0001:00003b30       _gztell                    10004b30 f   gzlib.obj
 0001:00003b60       _gzoffset64                10004b60 f   gzlib.obj
 0001:00003bb0       _gzoffset                  10004bb0 f   gzlib.obj
 0001:00003be0       _gzeof                     10004be0 f   gzlib.obj
 0001:00003c00       _gzerror                   10004c00 f   gzlib.obj
 0001:00003c50       _gzclearerr                10004c50 f   gzlib.obj
 0001:00003c90       _gz_error                  10004c90 f   gzlib.obj
 0001:00004370       _gzread                    10005370 f   gzread.obj
 0001:000043e0       _gzfread                   100053e0 f   gzread.obj
 0001:00004450       _gzgetc                    10005450 f   gzread.obj
 0001:000044c0       _gzgetc_                   100054c0 f   gzread.obj
 0001:000044d0       _gzungetc                  100054d0 f   gzread.obj
 0001:000045a0       _gzgets                    100055a0 f   gzread.obj
 0001:000046c0       _gzdirect                  100056c0 f   gzread.obj
 0001:00004700       _gzclose_r                 10005700 f   gzread.obj
 0001:00004ba0       _gzwrite                   10005ba0 f   gzwrite.obj
 0001:00004bf0       _gzfwrite                  10005bf0 f   gzwrite.obj
 0001:00004c60       _gzputc                    10005c60 f   gzwrite.obj
 0001:00004d20       _gzputs                    10005d20 f   gzwrite.obj
 0001:00004d70       _gzvprintf                 10005d70 f   gzwrite.obj
 0001:00004ea0       _gzprintf                  10005ea0 f   gzwrite.obj
 0001:00004ec0       _gzflush                   10005ec0 f   gzwrite.obj
 0001:00004f30       _gzsetparams               10005f30 f   gzwrite.obj
 0001:00004fe0       _gzclose_w                 10005fe0 f   gzwrite.obj
 0001:000050b0       _inflateBackInit_          100060b0 f   infback.obj
 0001:000051a0       _inflateBack               100061a0 f   infback.obj
 0001:00005f90       _inflateBackEnd            10006f90 f   infback.obj
 0001:00005fd0       _inflate_fast              10006fd0 f   inffast.obj
 0001:00006420       _inflateResetKeep          10007420 f   inflate.obj
 0001:000064c0       _inflateReset              100074c0 f   inflate.obj
 0001:00006500       _inflateReset2             10007500 f   inflate.obj
 0001:000065a0       _inflateInit2_             100075a0 f   inflate.obj
 0001:00006660       _inflateInit_              10007660 f   inflate.obj
 0001:00006680       _inflatePrime              10007680 f   inflate.obj
 0001:00006810       _inflate                   10007810 f   inflate.obj
 0001:00007f40       _inflateEnd                10008f40 f   inflate.obj
 0001:00007f90       _inflateGetDictionary      10008f90 f   inflate.obj
 0001:00008000       _inflateSetDictionary      10009000 f   inflate.obj
 0001:000080a0       _inflateGetHeader          100090a0 f   inflate.obj
 0001:00008150       _inflateSync               10009150 f   inflate.obj
 0001:00008240       _inflateSyncPoint          10009240 f   inflate.obj
 0001:00008280       _inflateCopy               10009280 f   inflate.obj
 0001:000083d0       _inflateUndermine          100093d0 f   inflate.obj
 0001:00008400       _inflateValidate           10009400 f   inflate.obj
 0001:00008430       _inflateMark               10009430 f   inflate.obj
 0001:000084a0       _inflateCodesUsed          100094a0 f   inflate.obj
 0001:000084d0       _inflate_table             100094d0 f   inftrees.obj
 0001:000088e0       _call_zopen64              100098e0 f   ioapi.obj
 0001:00008900       _call_zseek64              10009900 f   ioapi.obj
 0001:00008950       _call_ztell64              10009950 f   ioapi.obj
 0001:00008980       _fill_zlib_filefunc64_32_def_from_filefunc32 10009980 f   ioapi.obj
 0001:00008bd0       _fill_fopen64_filefunc     10009bd0 f   ioapi.obj
 0001:00008cc0       _win32_open64_file_func    10009cc0 f   iowin32.obj
 0001:00008d20       _win32_open64_file_funcA   10009d20 f   iowin32.obj
 0001:00008d80       _win32_open64_file_funcW   10009d80 f   iowin32.obj
 0001:00008de0       _win32_open_file_func      10009de0 f   iowin32.obj
 0001:00008e40       _win32_read_file_func      10009e40 f   iowin32.obj
 0001:00008e90       _win32_write_file_func     10009e90 f   iowin32.obj
 0001:00008f40       _win32_tell_file_func      10009f40 f   iowin32.obj
 0001:00008f90       _win32_tell64_file_func    10009f90 f   iowin32.obj
 0001:00008ff0       _win32_seek_file_func      10009ff0 f   iowin32.obj
 0001:00009060       _win32_seek64_file_func    1000a060 f   iowin32.obj
 0001:000090e0       _win32_close_file_func     1000a0e0 f   iowin32.obj
 0001:00009120       _win32_error_file_func     1000a120 f   iowin32.obj
 0001:00009140       _fill_win32_filefunc       1000a140 f   iowin32.obj
 0001:00009180       _fill_win32_filefunc64     1000a180 f   iowin32.obj
 0001:000091c0       _fill_win32_filefunc64A    1000a1c0 f   iowin32.obj
 0001:00009200       _fill_win32_filefunc64W    1000a200 f   iowin32.obj
 0001:00009250       __tr_init                  1000a250 f   trees.obj
 0001:0000a1f0       __tr_stored_block          1000b1f0 f   trees.obj
 0001:0000a2e0       __tr_flush_bits            1000b2e0 f   trees.obj
 0001:0000a2f0       __tr_align                 1000b2f0 f   trees.obj
 0001:0000a3d0       __tr_flush_block           1000b3d0 f   trees.obj
 0001:0000ab50       _uncompress2               1000bb50 f   uncompr.obj
 0001:0000ac80       _uncompress                1000bc80 f   uncompr.obj
 0001:0000b000       _unzStringFileNameCompare  1000c000 f   unzip.obj
 0001:0000b8d0       _unzOpen2                  1000c8d0 f   unzip.obj
 0001:0000b910       _unzOpen2_64               1000c910 f   unzip.obj
 0001:0000b970       _unzOpen                   1000c970 f   unzip.obj
 0001:0000b990       _unzOpen64                 1000c990 f   unzip.obj
 0001:0000b9b0       _unzClose                  1000c9b0 f   unzip.obj
 0001:0000b9f0       _unzGetGlobalInfo64        1000c9f0 f   unzip.obj
 0001:0000ba10       _unzGetGlobalInfo          1000ca10 f   unzip.obj
 0001:0000c080       _unzGetCurrentFileInfo64   1000d080 f   unzip.obj
 0001:0000c0b0       _unzGetCurrentFileInfo     1000d0b0 f   unzip.obj
 0001:0000c170       _unzGoToFirstFile          1000d170 f   unzip.obj
 0001:0000c1e0       _unzGoToNextFile           1000d1e0 f   unzip.obj
 0001:0000c290       _unzLocateFile             1000d290 f   unzip.obj
 0001:0000c440       _unzGetFilePos64           1000d440 f   unzip.obj
 0001:0000c490       _unzGetFilePos             1000d490 f   unzip.obj
 0001:0000c4c0       _unzGoToFilePos64          1000d4c0 f   unzip.obj
 0001:0000c530       _unzGoToFilePos            1000d530 f   unzip.obj
 0001:0000c7d0       _unzOpenCurrentFile3       1000d7d0 f   unzip.obj
 0001:0000ca40       _unzOpenCurrentFile        1000da40 f   unzip.obj
 0001:0000ca60       _unzOpenCurrentFilePassword 1000da60 f   unzip.obj
 0001:0000ca80       _unzOpenCurrentFile2       1000da80 f   unzip.obj
 0001:0000caa0       _unzGetCurrentFileZStreamPos64 1000daa0 f   unzip.obj
 0001:0000cad0       _unzReadCurrentFile        1000dad0 f   unzip.obj
 0001:0000cd80       _unztell                   1000dd80 f   unzip.obj
 0001:0000cda0       _unztell64                 1000dda0 f   unzip.obj
 0001:0000cdd0       _unzeof                    1000ddd0 f   unzip.obj
 0001:0000ce10       _unzGetLocalExtrafield     1000de10 f   unzip.obj
 0001:0000ced0       _unzCloseCurrentFile       1000ded0 f   unzip.obj
 0001:0000cf70       _unzGetGlobalComment       1000df70 f   unzip.obj
 0001:0000db80       _LoadCentralDirectoryRecord 1000eb80 f   zip.obj
 0001:0000e030       _zipOpen3                  1000f030 f   zip.obj
 0001:0000e1a0       _zipOpen2                  1000f1a0 f   zip.obj
 0001:0000e1e0       _zipOpen2_64               1000f1e0 f   zip.obj
 0001:0000e240       _zipOpen                   1000f240 f   zip.obj
 0001:0000e260       _zipOpen64                 1000f260 f   zip.obj
 0001:0000e280       _Write_LocalFileHeader     1000f280 f   zip.obj
 0001:0000e4a0       _zipOpenNewFileInZip4_64   1000f4a0 f   zip.obj
 0001:0000e980       _zipOpenNewFileInZip3      1000f980 f   zip.obj
 0001:0000e9d0       _zipOpenNewFileInZip3_64   1000f9d0 f   zip.obj
 0001:0000ea20       _zipOpenNewFileInZip2      1000fa20 f   zip.obj
 0001:0000ea60       _zipOpenNewFileInZip2_64   1000fa60 f   zip.obj
 0001:0000eaa0       _zipOpenNewFileInZip64     1000faa0 f   zip.obj
 0001:0000eae0       _zipOpenNewFileInZip       1000fae0 f   zip.obj
 0001:0000ebe0       _zipWriteInFileInZip       1000fbe0 f   zip.obj
 0001:0000ece0       _zipCloseFileInZipRaw      1000fce0 f   zip.obj
 0001:0000ed00       _zipCloseFileInZipRaw64    1000fd00 f   zip.obj
 0001:0000f1f0       _zipCloseFileInZip         100101f0 f   zip.obj
 0001:0000f210       _Write_Zip64EndOfCentralDirectoryLocator 10010210 f   zip.obj
 0001:0000f290       _Write_Zip64EndOfCentralDirectoryRecord 10010290 f   zip.obj
 0001:0000f3b0       _Write_EndOfCentralDirectoryRecord 100103b0 f   zip.obj
 0001:0000f4f0       _Write_GlobalComment       100104f0 f   zip.obj
 0001:0000f560       _zipClose                  10010560 f   zip.obj
 0001:0000f6f0       _zlibVersion               100106f0 f   zutil.obj
 0001:0000f700       _zlibCompileFlags          10010700 f   zutil.obj
 0001:0000f710       _zError                    10010710 f   zutil.obj
 0001:0000f730       _zcalloc                   10010730 f   zutil.obj
 0001:0000f750       _zcfree                    10010750 f   zutil.obj
 0001:0000f761       _ReadFile@20               10010761 f   kernel32:KERNEL32.dll
 0001:0000f767       _WriteFile@20              10010767 f   kernel32:KERNEL32.dll
 0001:0000f76d       _SetFilePointer@16         1001076d f   kernel32:KERNEL32.dll
 0001:0000f773       _CreateFileW@28            10010773 f   kernel32:KERNEL32.dll
 0001:0000f779       _GetLastError@0            10010779 f   kernel32:KERNEL32.dll
 0001:0000f77f       _CreateFileA@28            1001077f f   kernel32:KERNEL32.dll
 0001:0000f785       _CloseHandle@4             10010785 f   kernel32:KERNEL32.dll
 0001:0000fa85       __CRT_INIT@12              10010a85 f   MSVCRT:dll_dllmain.obj
 0001:0000fa8e       __DllMainCRTStartup@12     10010a8e f   MSVCRT:dll_dllmain.obj
 0001:0000fb00       ___security_init_cookie    10010b00 f   MSVCRT:gs_support.obj
 0001:0000fb53       _DllMain@12                10010b53 f   MSVCRT:dll_dllmain_stub.obj
 0001:0000fb75       ?__scrt_initialize_type_info@@YAXXZ 10010b75 f   MSVCRT:tncleanup.obj
 0001:0000fb81       ?__scrt_uninitialize_type_info@@YAXXZ 10010b81 f   MSVCRT:tncleanup.obj
 0001:0000fb8d       ___local_stdio_scanf_options 10010b8d f i MSVCRT:default_local_stdio_options.obj
 0001:0000fb93       ___scrt_initialize_default_local_stdio_options 10010b93 f   MSVCRT:default_local_stdio_options.obj
 0001:0000fbb0       ??$__crt_fast_decode_pointer@PAP6AXXZ@@YAPAP6AXXZQAP6AXXZ@Z 10010bb0 f i MSVCRT:utility.obj
 0001:0000fbc4       ??$__crt_fast_encode_pointer@PAP6AXXZ@@YAPAP6AXXZQAP6AXXZ@Z 10010bc4 f i MSVCRT:utility.obj
 0001:0000fbe1       ?__crt_rotate_pointer_value@@YAIIH@Z 10010be1 f i MSVCRT:utility.obj
 0001:0000fbee       ?configure_argv@__scrt_narrow_argv_policy@@SAHXZ 10010bee f i MSVCRT:utility.obj
 0001:0000fc3f       ?initialize_environment@__scrt_narrow_environment_policy@@SAHXZ 10010c3f f i MSVCRT:utility.obj
 0001:0000fc77       _NtCurrentTeb              10010c77 f i MSVCRT:utility.obj
 0001:0000fc7e       ___scrt_acquire_startup_lock 10010c7e f   MSVCRT:utility.obj
 0001:0000fcb3       ___scrt_dllmain_after_initialize_c 10010cb3 f   MSVCRT:utility.obj
 0001:0000fcde       ___scrt_dllmain_before_initialize_c 10010cde f   MSVCRT:utility.obj
 0001:0000fcec       ___scrt_dllmain_crt_thread_attach 10010cec f   MSVCRT:utility.obj
 0001:0000fd0b       ___scrt_dllmain_crt_thread_detach 10010d0b f   MSVCRT:utility.obj
 0001:0000fd18       ___scrt_dllmain_exception_filter 10010d18 f   MSVCRT:utility.obj
 0001:0000fd4b       ___scrt_dllmain_uninitialize_c 10010d4b f   MSVCRT:utility.obj
 0001:0000fd6e       ___scrt_dllmain_uninitialize_critical 10010d6e f   MSVCRT:utility.obj
 0001:0000fd7b       ___scrt_initialize_crt     10010d7b f   MSVCRT:utility.obj
 0001:0000fdb4       ___scrt_initialize_onexit_tables 10010db4 f   MSVCRT:utility.obj
 0001:0000fe5e       ___scrt_is_nonwritable_in_current_image 10010e5e f   MSVCRT:utility.obj
 0001:0000fee8       ___scrt_release_startup_lock 10010ee8 f   MSVCRT:utility.obj
 0001:0000ff05       ___scrt_uninitialize_crt   10010f05 f   MSVCRT:utility.obj
 0001:0000ff2d       __onexit                   10010f2d f   MSVCRT:utility.obj
 0001:0000ff68       _at_quick_exit             10010f68 f   MSVCRT:utility.obj
 0001:0000ff99       _atexit                    10010f99 f   MSVCRT:utility.obj
 0001:0000ffae       ___scrt_get_dyn_tls_init_callback 10010fae f   MSVCRT:dyn_tls_init.obj
 0001:0000ffb4       ___scrt_fastfail           10010fb4 f   MSVCRT:utility_desktop.obj
 0001:000100d0       ___scrt_get_show_window_mode 100110d0 f   MSVCRT:utility_desktop.obj
 0001:00010103       ___scrt_initialize_winrt   10011103 f   MSVCRT:utility_desktop.obj
 0001:00010106       ___scrt_is_managed_app     10011106 f   MSVCRT:utility_desktop.obj
 0001:0001014a       ___scrt_set_unhandled_exception_filter 1001114a f   MSVCRT:utility_desktop.obj
 0001:00010156       ___scrt_unhandled_exception_filter@4 10011156 f   MSVCRT:utility_desktop.obj
 0001:00010197       __crt_debugger_hook        10011197 f   MSVCRT:utility_desktop.obj
 0001:0001019f       __RTC_Initialize           1001119f f   MSVCRT:_initsect_.obj
 0001:000101ca       __RTC_Terminate            100111ca f   MSVCRT:_initsect_.obj
 0001:000101f5       @_guard_check_icall@4      100111f5 f i MSVCRT:checkcfg.obj
 0001:00010200       __SEH_prolog4              10011200 f   MSVCRT:_sehprolg4_.obj
 0001:00010246       __SEH_epilog4              10011246 f   MSVCRT:_sehprolg4_.obj
 0001:0001025b       __except_handler4          1001125b f   MSVCRT:_chandler4gs_.obj
 0001:0001027e       ___isa_available_init      1001127e f   MSVCRT:_cpu_disp_.obj
 0001:0001041d       __get_startup_argv_mode    1001141d f   MSVCRT:argv_mode.obj
 0001:00010421       ___scrt_is_ucrt_dll_in_use 10011421 f   MSVCRT:ucrt_detection.obj
 0001:0001042d       @_guard_check_icall_nop@4  1001142d f i MSVCRT:guard_support.obj
 0001:0001042e       _ReadNoFence               1001142e f i MSVCRT:guard_support.obj
 0001:00010438       _ReadPointerNoFence        10011438 f i MSVCRT:guard_support.obj
 0001:00010442       __guard_icall_checks_enforced 10011442 f i MSVCRT:guard_support.obj
 0001:00010454       @__security_check_cookie@4 10011454 f   MSVCRT:_secchk_.obj
 0001:00010465       ___raise_securityfailure   10011465 f   MSVCRT:gs_report.obj
 0001:0001048d       ___report_gsfailure        1001148d f   MSVCRT:gs_report.obj
 0001:00010588       ___report_rangecheckfailure 10011588 f   MSVCRT:gs_report.obj
 0001:00010594       ___report_securityfailure  10011594 f   MSVCRT:gs_report.obj
 0001:00010664       ___report_securityfailureEx 10011664 f   MSVCRT:gs_report.obj
 0001:0001077a       _memchr                    1001177a f   vcruntime:VCRUNTIME140.dll
 0001:00010780       ___std_type_info_destroy_list 10011780 f   vcruntime:VCRUNTIME140.dll
 0001:00010786       _memset                    10011786 f   vcruntime:VCRUNTIME140.dll
 0001:0001078c       __except_handler4_common   1001178c f   vcruntime:VCRUNTIME140.dll
 0001:00010792       __lseeki64                 10011792 f   ucrt:api-ms-win-crt-stdio-l1-1-0.dll
 0001:00010798       __wopen                    10011798 f   ucrt:api-ms-win-crt-stdio-l1-1-0.dll
 0001:0001079e       _wcstombs                  1001179e f   ucrt:api-ms-win-crt-convert-l1-1-0.dll
 0001:000107a4       ___stdio_common_vsprintf   100117a4 f   ucrt:api-ms-win-crt-stdio-l1-1-0.dll
 0001:000107aa       _free                      100117aa f   ucrt:api-ms-win-crt-heap-l1-1-0.dll
 0001:000107b0       _malloc                    100117b0 f   ucrt:api-ms-win-crt-heap-l1-1-0.dll
 0001:000107b6       __errno                    100117b6 f   ucrt:api-ms-win-crt-runtime-l1-1-0.dll
 0001:000107bc       _strerror                  100117bc f   ucrt:api-ms-win-crt-runtime-l1-1-0.dll
 0001:000107c2       _ftell                     100117c2 f   ucrt:api-ms-win-crt-stdio-l1-1-0.dll
 0001:000107c8       _ferror                    100117c8 f   ucrt:api-ms-win-crt-stdio-l1-1-0.dll
 0001:000107ce       _fopen                     100117ce f   ucrt:api-ms-win-crt-stdio-l1-1-0.dll
 0001:000107d4       _fclose                    100117d4 f   ucrt:api-ms-win-crt-stdio-l1-1-0.dll
 0001:000107da       _fseek                     100117da f   ucrt:api-ms-win-crt-stdio-l1-1-0.dll
 0001:000107e0       _fwrite                    100117e0 f   ucrt:api-ms-win-crt-stdio-l1-1-0.dll
 0001:000107e6       __ftelli64                 100117e6 f   ucrt:api-ms-win-crt-stdio-l1-1-0.dll
 0001:000107ec       _fread                     100117ec f   ucrt:api-ms-win-crt-stdio-l1-1-0.dll
 0001:000107f2       __fseeki64                 100117f2 f   ucrt:api-ms-win-crt-stdio-l1-1-0.dll
 0001:000107f8       _srand                     100117f8 f   ucrt:api-ms-win-crt-utility-l1-1-0.dll
 0001:000107fe       _rand                      100117fe f   ucrt:api-ms-win-crt-utility-l1-1-0.dll
 0001:00010804       __time64                   10011804 f   ucrt:api-ms-win-crt-time-l1-1-0.dll
 0001:0001080a       __initterm                 1001180a f   ucrt:api-ms-win-crt-runtime-l1-1-0.dll
 0001:00010810       __initterm_e               10011810 f   ucrt:api-ms-win-crt-runtime-l1-1-0.dll
 0001:00010816       __seh_filter_dll           10011816 f   ucrt:api-ms-win-crt-runtime-l1-1-0.dll
 0001:0001081c       __configure_narrow_argv    1001181c f   ucrt:api-ms-win-crt-runtime-l1-1-0.dll
 0001:00010822       __initialize_narrow_environment 10011822 f   ucrt:api-ms-win-crt-runtime-l1-1-0.dll
 0001:00010828       __initialize_onexit_table  10011828 f   ucrt:api-ms-win-crt-runtime-l1-1-0.dll
 0001:0001082e       __register_onexit_function 1001182e f   ucrt:api-ms-win-crt-runtime-l1-1-0.dll
 0001:00010834       __execute_onexit_table     10011834 f   ucrt:api-ms-win-crt-runtime-l1-1-0.dll
 0001:0001083a       __crt_atexit               1001183a f   ucrt:api-ms-win-crt-runtime-l1-1-0.dll
 0001:00010840       __crt_at_quick_exit        10011840 f   ucrt:api-ms-win-crt-runtime-l1-1-0.dll
 0001:00010846       __cexit                    10011846 f   ucrt:api-ms-win-crt-runtime-l1-1-0.dll
 0001:0001084c       _terminate                 1001184c f   ucrt:api-ms-win-crt-runtime-l1-1-0.dll
 0001:00010852       __open                     10011852 f   ucrt:api-ms-win-crt-stdio-l1-1-0.dll
 0001:00010858       __read                     10011858 f   ucrt:api-ms-win-crt-stdio-l1-1-0.dll
 0001:0001085e       __close                    1001185e f   ucrt:api-ms-win-crt-stdio-l1-1-0.dll
 0001:00010864       __write                    10011864 f   ucrt:api-ms-win-crt-stdio-l1-1-0.dll
 0001:0001086a       _QueryPerformanceCounter@4 1001186a f   kernel32:KERNEL32.dll
 0001:00010870       _GetCurrentProcessId@0     10011870 f   kernel32:KERNEL32.dll
 0001:00010876       _GetCurrentThreadId@0      10011876 f   kernel32:KERNEL32.dll
 0001:0001087c       _GetSystemTimeAsFileTime@4 1001187c f   kernel32:KERNEL32.dll
 0001:00010882       _DisableThreadLibraryCalls@4 10011882 f   kernel32:KERNEL32.dll
 0001:00010888       _InitializeSListHead@4     10011888 f   kernel32:KERNEL32.dll
 0001:0001088e       _IsDebuggerPresent@0       1001188e f   kernel32:KERNEL32.dll
 0001:00010894       _UnhandledExceptionFilter@4 10011894 f   kernel32:KERNEL32.dll
 0001:0001089a       _SetUnhandledExceptionFilter@4 1001189a f   kernel32:KERNEL32.dll
 0001:000108a0       _GetStartupInfoW@4         100118a0 f   kernel32:KERNEL32.dll
 0001:000108a6       _IsProcessorFeaturePresent@4 100118a6 f   kernel32:KERNEL32.dll
 0001:000108ac       _GetModuleHandleW@4        100118ac f   kernel32:KERNEL32.dll
 0001:000108b2       _GetCurrentProcess@0       100118b2 f   kernel32:KERNEL32.dll
 0001:000108b8       _TerminateProcess@8        100118b8 f   kernel32:KERNEL32.dll
 0001:000108be       ___vcrt_initialize         100118be f   MSVCRT:ucrt_stubs.obj
 0001:000108be       ___scrt_stub_for_acrt_initialize 100118be f   MSVCRT:ucrt_stubs.obj
 0001:000108be       ___acrt_initialize         100118be f   MSVCRT:ucrt_stubs.obj
 0001:000108c1       ___vcrt_thread_attach      100118c1 f   MSVCRT:ucrt_stubs.obj
 0001:000108c1       ___acrt_thread_attach      100118c1 f   MSVCRT:ucrt_stubs.obj
 0001:000108c1       ___scrt_stub_for_acrt_thread_attach 100118c1 f   MSVCRT:ucrt_stubs.obj
 0001:000108c4       ___vcrt_thread_detach      100118c4 f   MSVCRT:ucrt_stubs.obj
 0001:000108c4       ___scrt_stub_for_acrt_thread_detach 100118c4 f   MSVCRT:ucrt_stubs.obj
 0001:000108c4       ___acrt_thread_detach      100118c4 f   MSVCRT:ucrt_stubs.obj
 0001:000108c7       ___acrt_uninitialize       100118c7 f   MSVCRT:ucrt_stubs.obj
 0001:000108c7       ___vcrt_uninitialize       100118c7 f   MSVCRT:ucrt_stubs.obj
 0001:000108c7       ___scrt_stub_for_acrt_uninitialize 100118c7 f   MSVCRT:ucrt_stubs.obj
 0001:000108ca       ___acrt_uninitialize_critical 100118ca f   MSVCRT:ucrt_stubs.obj
 0001:000108ca       ___scrt_stub_for_acrt_uninitialize_critical 100118ca f   MSVCRT:ucrt_stubs.obj
 0001:000108ca       ___vcrt_uninitialize_critical 100118ca f   MSVCRT:ucrt_stubs.obj
 0001:000108cd       __is_c_termination_complete 100118cd f   MSVCRT:ucrt_stubs.obj
 0001:000108cd       ___scrt_stub_for_is_c_termination_complete 100118cd f   MSVCRT:ucrt_stubs.obj
 0001:000108d0       __alldiv                   100118d0 f   MSVCRT:lldiv.obj
 0001:00010980       __chkstk                   10011980 f   MSVCRT:chkstk.obj
 0001:00010980       __alloca_probe             10011980 f   MSVCRT:chkstk.obj
 0001:000109ad       _memcpy                    100119ad f   vcruntime:VCRUNTIME140.dll
 0002:00000000       __imp__ReadFile@20         10012000     kernel32:KERNEL32.dll
 0002:00000004       __imp__WriteFile@20        10012004     kernel32:KERNEL32.dll
 0002:00000008       __imp__SetFilePointer@16   10012008     kernel32:KERNEL32.dll
 0002:0000000c       __imp__CreateFileW@28      1001200c     kernel32:KERNEL32.dll
 0002:00000010       __imp__GetLastError@0      10012010     kernel32:KERNEL32.dll
 0002:00000014       __imp__CreateFileA@28      10012014     kernel32:KERNEL32.dll
 0002:00000018       __imp__CloseHandle@4       10012018     kernel32:KERNEL32.dll
 0002:0000001c       __imp__GetCurrentProcessId@0 1001201c     kernel32:KERNEL32.dll
 0002:00000020       __imp__GetCurrentThreadId@0 10012020     kernel32:KERNEL32.dll
 0002:00000024       __imp__GetSystemTimeAsFileTime@4 10012024     kernel32:KERNEL32.dll
 0002:00000028       __imp__DisableThreadLibraryCalls@4 10012028     kernel32:KERNEL32.dll
 0002:0000002c       __imp__InitializeSListHead@4 1001202c     kernel32:KERNEL32.dll
 0002:00000030       __imp__TerminateProcess@8  10012030     kernel32:KERNEL32.dll
 0002:00000034       __imp__GetCurrentProcess@0 10012034     kernel32:KERNEL32.dll
 0002:00000038       __imp__GetModuleHandleW@4  10012038     kernel32:KERNEL32.dll
 0002:0000003c       __imp__IsProcessorFeaturePresent@4 1001203c     kernel32:KERNEL32.dll
 0002:00000040       __imp__GetStartupInfoW@4   10012040     kernel32:KERNEL32.dll
 0002:00000044       __imp__SetUnhandledExceptionFilter@4 10012044     kernel32:KERNEL32.dll
 0002:00000048       __imp__UnhandledExceptionFilter@4 10012048     kernel32:KERNEL32.dll
 0002:0000004c       __imp__IsDebuggerPresent@0 1001204c     kernel32:KERNEL32.dll
 0002:00000050       __imp__QueryPerformanceCounter@4 10012050     kernel32:KERNEL32.dll
 0002:00000054       \177KERNEL32_NULL_THUNK_DATA 10012054     kernel32:KERNEL32.dll
 0002:00000058       __imp__memchr              10012058     vcruntime:VCRUNTIME140.dll
 0002:0000005c       __imp____std_type_info_destroy_list 1001205c     vcruntime:VCRUNTIME140.dll
 0002:00000060       __imp__memset              10012060     vcruntime:VCRUNTIME140.dll
 0002:00000064       __imp___except_handler4_common 10012064     vcruntime:VCRUNTIME140.dll
 0002:00000068       __imp__memcpy              10012068     vcruntime:VCRUNTIME140.dll
 0002:0000006c       \177VCRUNTIME140_NULL_THUNK_DATA 1001206c     vcruntime:VCRUNTIME140.dll
 0002:00000070       __imp__wcstombs            10012070     ucrt:api-ms-win-crt-convert-l1-1-0.dll
 0002:00000074       \177api-ms-win-crt-convert-l1-1-0_NULL_THUNK_DATA 10012074     ucrt:api-ms-win-crt-convert-l1-1-0.dll
 0002:00000078       __imp__malloc              10012078     ucrt:api-ms-win-crt-heap-l1-1-0.dll
 0002:0000007c       __imp__free                1001207c     ucrt:api-ms-win-crt-heap-l1-1-0.dll
 0002:00000080       \177api-ms-win-crt-heap-l1-1-0_NULL_THUNK_DATA 10012080     ucrt:api-ms-win-crt-heap-l1-1-0.dll
 0002:00000084       __imp___initterm           10012084     ucrt:api-ms-win-crt-runtime-l1-1-0.dll
 0002:00000088       __imp___initterm_e         10012088     ucrt:api-ms-win-crt-runtime-l1-1-0.dll
 0002:0000008c       __imp__strerror            1001208c     ucrt:api-ms-win-crt-runtime-l1-1-0.dll
 0002:00000090       __imp___configure_narrow_argv 10012090     ucrt:api-ms-win-crt-runtime-l1-1-0.dll
 0002:00000094       __imp___errno              10012094     ucrt:api-ms-win-crt-runtime-l1-1-0.dll
 0002:00000098       __imp___initialize_onexit_table 10012098     ucrt:api-ms-win-crt-runtime-l1-1-0.dll
 0002:0000009c       __imp___register_onexit_function 1001209c     ucrt:api-ms-win-crt-runtime-l1-1-0.dll
 0002:000000a0       __imp___execute_onexit_table 100120a0     ucrt:api-ms-win-crt-runtime-l1-1-0.dll
 0002:000000a4       __imp___crt_atexit         100120a4     ucrt:api-ms-win-crt-runtime-l1-1-0.dll
 0002:000000a8       __imp___crt_at_quick_exit  100120a8     ucrt:api-ms-win-crt-runtime-l1-1-0.dll
 0002:000000ac       __imp___cexit              100120ac     ucrt:api-ms-win-crt-runtime-l1-1-0.dll
 0002:000000b0       __imp__terminate           100120b0     ucrt:api-ms-win-crt-runtime-l1-1-0.dll
 0002:000000b4       __imp___seh_filter_dll     100120b4     ucrt:api-ms-win-crt-runtime-l1-1-0.dll
 0002:000000b8       __imp___initialize_narrow_environment 100120b8     ucrt:api-ms-win-crt-runtime-l1-1-0.dll
 0002:000000bc       \177api-ms-win-crt-runtime-l1-1-0_NULL_THUNK_DATA 100120bc     ucrt:api-ms-win-crt-runtime-l1-1-0.dll
 0002:000000c0       __imp__read                100120c0     ucrt:api-ms-win-crt-stdio-l1-1-0.dll
 0002:000000c0       __imp___read               100120c0     ucrt:api-ms-win-crt-stdio-l1-1-0.dll
 0002:000000c4       __imp__fwrite              100120c4     ucrt:api-ms-win-crt-stdio-l1-1-0.dll
 0002:000000c8       __imp___wopen              100120c8     ucrt:api-ms-win-crt-stdio-l1-1-0.dll
 0002:000000cc       __imp___write              100120cc     ucrt:api-ms-win-crt-stdio-l1-1-0.dll
 0002:000000cc       __imp__write               100120cc     ucrt:api-ms-win-crt-stdio-l1-1-0.dll
 0002:000000d0       __imp__close               100120d0     ucrt:api-ms-win-crt-stdio-l1-1-0.dll
 0002:000000d0       __imp___close              100120d0     ucrt:api-ms-win-crt-stdio-l1-1-0.dll
 0002:000000d4       __imp____stdio_common_vsprintf 100120d4     ucrt:api-ms-win-crt-stdio-l1-1-0.dll
 0002:000000d8       __imp___lseeki64           100120d8     ucrt:api-ms-win-crt-stdio-l1-1-0.dll
 0002:000000dc       __imp__fseek               100120dc     ucrt:api-ms-win-crt-stdio-l1-1-0.dll
 0002:000000e0       __imp__fclose              100120e0     ucrt:api-ms-win-crt-stdio-l1-1-0.dll
 0002:000000e4       __imp__fopen               100120e4     ucrt:api-ms-win-crt-stdio-l1-1-0.dll
 0002:000000e8       __imp__ferror              100120e8     ucrt:api-ms-win-crt-stdio-l1-1-0.dll
 0002:000000ec       __imp__ftell               100120ec     ucrt:api-ms-win-crt-stdio-l1-1-0.dll
 0002:000000f0       __imp___fseeki64           100120f0     ucrt:api-ms-win-crt-stdio-l1-1-0.dll
 0002:000000f4       __imp__fread               100120f4     ucrt:api-ms-win-crt-stdio-l1-1-0.dll
 0002:000000f8       __imp__open                100120f8     ucrt:api-ms-win-crt-stdio-l1-1-0.dll
 0002:000000f8       __imp___open               100120f8     ucrt:api-ms-win-crt-stdio-l1-1-0.dll
 0002:000000fc       __imp___ftelli64           100120fc     ucrt:api-ms-win-crt-stdio-l1-1-0.dll
 0002:00000100       \177api-ms-win-crt-stdio-l1-1-0_NULL_THUNK_DATA 10012100     ucrt:api-ms-win-crt-stdio-l1-1-0.dll
 0002:00000104       __imp___time64             10012104     ucrt:api-ms-win-crt-time-l1-1-0.dll
 0002:00000108       \177api-ms-win-crt-time-l1-1-0_NULL_THUNK_DATA 10012108     ucrt:api-ms-win-crt-time-l1-1-0.dll
 0002:0000010c       __imp__srand               1001210c     ucrt:api-ms-win-crt-utility-l1-1-0.dll
 0002:00000110       __imp__rand                10012110     ucrt:api-ms-win-crt-utility-l1-1-0.dll
 0002:00000114       \177api-ms-win-crt-utility-l1-1-0_NULL_THUNK_DATA 10012114     ucrt:api-ms-win-crt-utility-l1-1-0.dll
 0002:00000118       ___guard_check_icall_fptr  10012118     MSVCRT:guard_support.obj
 0002:0000011c       ___xc_a                    1001211c     MSVCRT:initializers.obj
 0002:00000120       ___xc_z                    10012120     MSVCRT:initializers.obj
 0002:00000124       ___xi_a                    10012124     MSVCRT:initializers.obj
 0002:00000128       ___xi_z                    10012128     MSVCRT:initializers.obj
 0002:0000012c       ___xp_a                    1001212c     MSVCRT:initializers.obj
 0002:00000130       ___xp_z                    10012130     MSVCRT:initializers.obj
 0002:00000134       ___xt_a                    10012134     MSVCRT:initializers.obj
 0002:00000138       ___xt_z                    10012138     MSVCRT:initializers.obj
 0002:00000140       __pDefaultRawDllMain       10012140     MSVCRT:dll_dllmain.obj
 0002:00000140       __pRawDllMain              10012140     MSVCRT:dll_dllmain.obj
 0002:0000014c       ??_C@_06CJNJFBNP@1?42?411?$AA@ 1001214c     compress.obj
 0002:00003428       __length_code              10015428     trees.obj
 0002:00003528       __dist_code                10015528     trees.obj
 0002:00003ea0       _unz_copyright             10015ea0     unzip.obj
 0002:00003ef4       _z_errmsg                  10015ef4     zutil.obj
 0002:00003f1c       ??_C@_02DKCKIIND@?$CFs?$AA@ 10015f1c     gzlib.obj
 0002:00003f20       ??_C@_07EBNKNFJN@?$DMfd?3?$CFd?$DO?$AA@ 10015f20     gzlib.obj
 0002:00003f28       ??_C@_0O@BNNCBLEN@out?5of?5memory?$AA@ 10015f28     gzlib.obj
 0002:00003f36       ??_C@_00CNPNBAHC@?$AA@     10015f36     gzlib.obj
 0002:00003f38       ??_C@_02LMMGGCAJ@?3?5?$AA@ 10015f38     gzlib.obj
 0002:00003f3c       ??_C@_06DIJPEION@?$CFs?$CFs?$CFs?$AA@ 10015f3c     gzlib.obj
 0002:00003f44       ??_C@_0BH@CFIIDOJD@unexpected?5end?5of?5file?$AA@ 10015f44     gzread.obj
 0002:00003f5c       ??_C@_0CH@CPOLIEKA@internal?5error?3?5inflate?5stream?5c@ 10015f5c     gzread.obj
 0002:00003f84       ??_C@_0BG@HCKBMIHF@compressed?5data?5error?$AA@ 10015f84     gzread.obj
 0002:00003f9c       ??_C@_0BP@HLDABFKK@request?5does?5not?5fit?5in?5an?5int?$AA@ 10015f9c     gzread.obj
 0002:00003fbc       ??_C@_0CB@EGGJDMIK@request?5does?5not?5fit?5in?5a?5size_t@ 10015fbc     gzread.obj
 0002:00003fe0       ??_C@_0BP@IIKIGMCC@out?5of?5room?5to?5push?5characters?$AA@ 10015fe0     gzread.obj
 0002:00004000       ??_C@_0CH@DEEGAHIB@internal?5error?3?5deflate?5stream?5c@ 10016000     gzwrite.obj
 0002:00004028       ??_C@_0CF@MLPJFDMM@requested?5length?5does?5not?5fit?5in@ 10016028     gzwrite.obj
 0002:00004050       ??_C@_0BD@PJCBIDD@invalid?5block?5type?$AA@ 10016050     infback.obj
 0002:00004064       ??_C@_0BN@LGAADGOK@invalid?5stored?5block?5lengths?$AA@ 10016064     infback.obj
 0002:00004084       ??_C@_0CE@GMIGFPBB@too?5many?5length?5or?5distance?5symb@ 10016084     infback.obj
 0002:000040a8       ??_C@_0BJ@HDEPPGOH@invalid?5code?5lengths?5set?$AA@ 100160a8     infback.obj
 0002:000040c4       ??_C@_0BK@BMMPFBBH@invalid?5bit?5length?5repeat?$AA@ 100160c4     infback.obj
 0002:000040e0       ??_C@_0CF@DGDMADCD@invalid?5code?5?9?9?5missing?5end?9of?9b@ 100160e0     infback.obj
 0002:00004108       ??_C@_0BM@IIMGAINC@invalid?5literal?1lengths?5set?$AA@ 10016108     infback.obj
 0002:00004124       ??_C@_0BG@GMDFCBGP@invalid?5distances?5set?$AA@ 10016124     infback.obj
 0002:0000413c       ??_C@_0BM@FFFLPBBC@invalid?5literal?1length?5code?$AA@ 1001613c     infback.obj
 0002:00004158       ??_C@_0BG@LBKINIKP@invalid?5distance?5code?$AA@ 10016158     infback.obj
 0002:00004170       ??_C@_0BO@ECPMAOGG@invalid?5distance?5too?5far?5back?$AA@ 10016170     infback.obj
 0002:00004190       ??_C@_0BH@LIBMMIGA@incorrect?5header?5check?$AA@ 10016190     inflate.obj
 0002:000041a8       ??_C@_0BL@IHKGDAEE@unknown?5compression?5method?$AA@ 100161a8     inflate.obj
 0002:000041c4       ??_C@_0BE@EMOGCLGO@invalid?5window?5size?$AA@ 100161c4     inflate.obj
 0002:000041d8       ??_C@_0BJ@BLBBCOMO@unknown?5header?5flags?5set?$AA@ 100161d8     inflate.obj
 0002:000041f4       ??_C@_0BE@GONKLEPM@header?5crc?5mismatch?$AA@ 100161f4     inflate.obj
 0002:00004208       ??_C@_0BF@MEIGEHBE@incorrect?5data?5check?$AA@ 10016208     inflate.obj
 0002:00004220       ??_C@_0BH@FGKKJGOC@incorrect?5length?5check?$AA@ 10016220     inflate.obj
 0002:00004238       ??_C@_02JDPG@rb?$AA@       10016238     ioapi.obj
 0002:0000423c       ??_C@_03HMFOOINA@r?$CLb?$AA@ 1001623c     ioapi.obj
 0002:00004240       ??_C@_02GMLFBBN@wb?$AA@    10016240     ioapi.obj
 0002:00004244       ??_C@_01JOAMLHOP@?9?$AA@   10016244     zip.obj
 0002:00004248       ??_C@_0BA@MOKMMFOD@need?5dictionary?$AA@ 10016248     zutil.obj
 0002:00004258       ??_C@_0L@FNAOCBOG@stream?5end?$AA@ 10016258     zutil.obj
 0002:00004264       ??_C@_0L@KIJFAKBJ@file?5error?$AA@ 10016264     zutil.obj
 0002:00004270       ??_C@_0N@MKKNPMJD@stream?5error?$AA@ 10016270     zutil.obj
 0002:00004280       ??_C@_0L@HAHMBNLP@data?5error?$AA@ 10016280     zutil.obj
 0002:0000428c       ??_C@_0BE@OGGJBMCE@insufficient?5memory?$AA@ 1001628c     zutil.obj
 0002:000042a0       ??_C@_0N@DFPGLBGC@buffer?5error?$AA@ 100162a0     zutil.obj
 0002:000042b0       ??_C@_0BF@CJFPCCEG@incompatible?5version?$AA@ 100162b0     zutil.obj
 0002:00004340       __load_config_used         10016340     MSVCRT:loadcfg.obj
 0002:000043e0       ___safe_se_handler_table   100163e0     <linker-defined>
 0002:000046b4       ___rtc_iaa                 100166b4     MSVCRT:_initsect_.obj
 0002:000046b8       ___rtc_izz                 100166b8     MSVCRT:_initsect_.obj
 0002:000046bc       ___rtc_taa                 100166bc     MSVCRT:_initsect_.obj
 0002:000046c0       ___rtc_tzz                 100166c0     MSVCRT:_initsect_.obj
 0002:0000544c       __IMPORT_DESCRIPTOR_KERNEL32 1001744c     kernel32:KERNEL32.dll
 0002:00005460       __IMPORT_DESCRIPTOR_VCRUNTIME140 10017460     vcruntime:VCRUNTIME140.dll
 0002:00005474       __IMPORT_DESCRIPTOR_api-ms-win-crt-stdio-l1-1-0 10017474     ucrt:api-ms-win-crt-stdio-l1-1-0.dll
 0002:00005488       __IMPORT_DESCRIPTOR_api-ms-win-crt-convert-l1-1-0 10017488     ucrt:api-ms-win-crt-convert-l1-1-0.dll
 0002:0000549c       __IMPORT_DESCRIPTOR_api-ms-win-crt-heap-l1-1-0 1001749c     ucrt:api-ms-win-crt-heap-l1-1-0.dll
 0002:000054b0       __IMPORT_DESCRIPTOR_api-ms-win-crt-runtime-l1-1-0 100174b0     ucrt:api-ms-win-crt-runtime-l1-1-0.dll
 0002:000054c4       __IMPORT_DESCRIPTOR_api-ms-win-crt-utility-l1-1-0 100174c4     ucrt:api-ms-win-crt-utility-l1-1-0.dll
 0002:000054d8       __IMPORT_DESCRIPTOR_api-ms-win-crt-time-l1-1-0 100174d8     ucrt:api-ms-win-crt-time-l1-1-0.dll
 0002:000054ec       __NULL_IMPORT_DESCRIPTOR   100174ec     kernel32:KERNEL32.dll
 0003:00000000       ___scrt_native_dllmain_reason 10018000     MSVCRT:utility.obj
 0003:00000010       ___security_cookie         10018010     MSVCRT:gs_cookie.obj
 0003:00000014       ___security_cookie_complement 10018014     MSVCRT:gs_cookie.obj
 0003:00000018       ___isa_enabled             10018018     MSVCRT:_cpu_disp_.obj
 0003:0000001c       ___scrt_ucrt_dll_is_in_use 1001801c     MSVCRT:ucrt_stubs.obj
 0003:00000028       ?__type_info_root_node@@3U__type_info_node@@A 10018028     MSVCRT:tncleanup.obj
 0003:00000030       ?_OptionsStorage@?1??__local_stdio_printf_options@@9@4_KA 10018030     MSVCRT:default_local_stdio_options.obj
 0003:00000038       ?_OptionsStorage@?1??__local_stdio_scanf_options@@9@4_KA 10018038     MSVCRT:default_local_stdio_options.obj
 0003:00000040       ___scrt_current_native_startup_state 10018040     MSVCRT:utility.obj
 0003:00000044       ___scrt_native_startup_lock 10018044     MSVCRT:utility.obj
 0003:00000064       ___scrt_debugger_hook_flag 10018064     MSVCRT:utility_desktop.obj
 0003:00000068       ___isa_available           10018068     MSVCRT:_cpu_disp_.obj
 0003:0000006c       ___favor                   1001806c     MSVCRT:_cpu_disp_.obj
 0003:00000390       ___dyn_tls_init_callback   10018390     <common>
 0003:00000398       ?_OptionsStorage@?1??__local_stdio_printf_options@@9@9 10018398     <common>
 0003:000003a0       ?_OptionsStorage@?1??__local_stdio_scanf_options@@9@9 100183a0     <common>

 entry point at        0001:0000fa8e

 Static symbols

 0000:fffe5000       .debug$S                   10000000     kernel32:KERNEL32.dll
 0000:fffe5000       .debug$S                   10000000     kernel32:KERNEL32.dll
 0000:fffe5000       .debug$S                   10000000     kernel32:KERNEL32.dll
 0000:fffe5000       .debug$S                   10000000     kernel32:KERNEL32.dll
 0000:fffe5000       .debug$S                   10000000     kernel32:KERNEL32.dll
 0000:fffe5000       .debug$S                   10000000     kernel32:KERNEL32.dll
 0000:fffe5000       .debug$S                   10000000     kernel32:KERNEL32.dll
 0000:fffe5000       .debug$S                   10000000     kernel32:KERNEL32.dll
 0000:fffe5000       .debug$S                   10000000     kernel32:KERNEL32.dll
 0000:fffe5000       .debug$S                   10000000     kernel32:KERNEL32.dll
 0000:fffe5000       .debug$S                   10000000     kernel32:KERNEL32.dll
 0000:fffe5000       .debug$S                   10000000     kernel32:KERNEL32.dll
 0000:fffe5000       .debug$S                   10000000     kernel32:KERNEL32.dll
 0000:fffe5000       .debug$S                   10000000     kernel32:KERNEL32.dll
 0000:fffe5000       .debug$S                   10000000     kernel32:KERNEL32.dll
 0000:fffe5000       .debug$S                   10000000     kernel32:KERNEL32.dll
 0000:fffe5000       .debug$S                   10000000     kernel32:KERNEL32.dll
 0000:fffe5000       .debug$S                   10000000     kernel32:KERNEL32.dll
 0000:fffe5000       .debug$S                   10000000     kernel32:KERNEL32.dll
 0000:fffe5000       .debug$S                   10000000     kernel32:KERNEL32.dll
 0000:fffe5000       .debug$S                   10000000     kernel32:KERNEL32.dll
 0000:fffe5000       .debug$S                   10000000     ucrt:api-ms-win-crt-heap-l1-1-0.dll
 0002:fffee000       __guard_fids___except_handler4 10000000     MSVCRT:_chandler4gs_.obj
 0000:fffe5000       .debug$S                   10000000     ucrt:api-ms-win-crt-runtime-l1-1-0.dll
 0000:fffe5000       .debug$S                   10000000     ucrt:api-ms-win-crt-convert-l1-1-0.dll
 0000:fffe5000       .debug$S                   10000000     ucrt:api-ms-win-crt-runtime-l1-1-0.dll
 0000:fffe5000       .debug$S                   10000000     ucrt:api-ms-win-crt-runtime-l1-1-0.dll
 0000:fffe5000       .debug$S                   10000000     ucrt:api-ms-win-crt-runtime-l1-1-0.dll
 0000:fffe5000       .debug$S                   10000000     ucrt:api-ms-win-crt-runtime-l1-1-0.dll
 0000:fffe5000       .debug$S                   10000000     ucrt:api-ms-win-crt-runtime-l1-1-0.dll
 0000:fffe5000       .debug$S                   10000000     ucrt:api-ms-win-crt-runtime-l1-1-0.dll
 0000:fffe5000       .debug$S                   10000000     ucrt:api-ms-win-crt-runtime-l1-1-0.dll
 0000:fffe5000       .debug$S                   10000000     ucrt:api-ms-win-crt-runtime-l1-1-0.dll
 0000:fffe5000       .debug$S                   10000000     ucrt:api-ms-win-crt-runtime-l1-1-0.dll
 0000:fffe5000       .debug$S                   10000000     ucrt:api-ms-win-crt-runtime-l1-1-0.dll
 0000:fffe5000       .debug$S                   10000000     ucrt:api-ms-win-crt-runtime-l1-1-0.dll
 0000:fffe5000       .debug$S                   10000000     ucrt:api-ms-win-crt-runtime-l1-1-0.dll
 0000:fffe5000       .debug$S                   10000000     ucrt:api-ms-win-crt-stdio-l1-1-0.dll
 0000:fffe5000       .debug$S                   10000000     ucrt:api-ms-win-crt-stdio-l1-1-0.dll
 0000:fffe5000       .debug$S                   10000000     ucrt:api-ms-win-crt-stdio-l1-1-0.dll
 0000:fffe5000       .debug$S                   10000000     ucrt:api-ms-win-crt-stdio-l1-1-0.dll
 0000:fffe5000       .debug$S                   10000000     ucrt:api-ms-win-crt-stdio-l1-1-0.dll
 0000:fffe5000       .debug$S                   10000000     ucrt:api-ms-win-crt-stdio-l1-1-0.dll
 0000:fffe5000       .debug$S                   10000000     ucrt:api-ms-win-crt-stdio-l1-1-0.dll
 0000:fffe5000       .debug$S                   10000000     ucrt:api-ms-win-crt-stdio-l1-1-0.dll
 0000:fffe5000       .debug$S                   10000000     ucrt:api-ms-win-crt-stdio-l1-1-0.dll
 0000:fffe5000       .debug$S                   10000000     ucrt:api-ms-win-crt-stdio-l1-1-0.dll
 0000:fffe5000       .debug$S                   10000000     ucrt:api-ms-win-crt-stdio-l1-1-0.dll
 0000:fffe5000       .debug$S                   10000000     ucrt:api-ms-win-crt-stdio-l1-1-0.dll
 0000:fffe5000       .debug$S                   10000000     ucrt:api-ms-win-crt-stdio-l1-1-0.dll
 0000:fffe5000       .debug$S                   10000000     ucrt:api-ms-win-crt-stdio-l1-1-0.dll
 0000:fffe5000       .debug$S                   10000000     ucrt:api-ms-win-crt-stdio-l1-1-0.dll
 0000:fffe5000       .debug$S                   10000000     ucrt:api-ms-win-crt-stdio-l1-1-0.dll
 0000:fffe5000       .debug$S                   10000000     ucrt:api-ms-win-crt-time-l1-1-0.dll
 0000:fffe5000       .debug$S                   10000000     ucrt:api-ms-win-crt-utility-l1-1-0.dll
 0000:fffe5000       .debug$S                   10000000     ucrt:api-ms-win-crt-utility-l1-1-0.dll
 0000:fffe5000       .debug$S                   10000000     vcruntime:VCRUNTIME140.dll
 0000:fffe5000       .debug$S                   10000000     vcruntime:VCRUNTIME140.dll
 0000:fffe5000       .debug$S                   10000000     vcruntime:VCRUNTIME140.dll
 0000:fffe5000       .debug$S                   10000000     vcruntime:VCRUNTIME140.dll
 0000:fffe5000       .debug$S                   10000000     vcruntime:VCRUNTIME140.dll
 0002:fffee000       __guard_fids____scrt_set_unhandled_exception_filter 10000000     MSVCRT:utility_desktop.obj
 0002:fffee000       __guard_fids_?dllmain_dispatch@@YAHQAUHINSTANCE__@@KQAX@Z 10000000     MSVCRT:dll_dllmain.obj
 0002:fffee000       __guard_fids___guard_icall_checks_enforced 10000000     MSVCRT:guard_support.obj
 0002:fffee000       __guard_fids__             10000000     MSVCRT:guard_support.obj
 0000:fffe5000       .debug$S                   10000000     zlibwapi.exp
 0000:fffe5000       .debug$S                   10000000     ucrt:api-ms-win-crt-heap-l1-1-0.dll
 0000:fffe5000       .debug$S                   10000000     ucrt:api-ms-win-crt-runtime-l1-1-0.dll
 0001:00000290       _adler32_combine_          10001290 f   adler32.obj
 0001:000004e0       _crc32_little              100014e0 f   crc32.obj
 0001:00000770       _crc32_big                 10001770 f   crc32.obj
 0001:00000a50       _gf2_matrix_times          10001a50 f   crc32.obj
 0001:00000a70       _gf2_matrix_square         10001a70 f   crc32.obj
 0001:00000ab0       _crc32_combine_            10001ab0 f   crc32.obj
 0001:00000bc0       _slide_hash                10001bc0 f   deflate.obj
 0001:00000ea0       _deflateStateCheck         10001ea0 f   deflate.obj
 0001:00001570       _putShortMSB               10002570 f   deflate.obj
 0001:000015a0       _flush_pending             100025a0 f   deflate.obj
 0001:000020c0       _read_buf                  100030c0 f   deflate.obj
 0001:00002140       _lm_init                   10003140 f   deflate.obj
 0001:000021f0       _longest_match             100031f0 f   deflate.obj
 0001:00002370       _fill_window               10003370 f   deflate.obj
 0001:00002500       _deflate_stored            10003500 f   deflate.obj
 0001:00002880       _deflate_fast              10003880 f   deflate.obj
 0001:00002b90       _deflate_slow              10003b90 f   deflate.obj
 0001:00002f90       _deflate_rle               10003f90 f   deflate.obj
 0001:00003230       _deflate_huff              10004230 f   deflate.obj
 0001:00003450       _gz_reset                  10004450 f   gzlib.obj
 0001:000034b0       _gz_open                   100044b0 f   gzlib.obj
 0001:0000373c       $LN54                      1000473c     gzlib.obj
 0001:00003768       $LN49                      10004768     gzlib.obj
 0001:00003d70       _gz_load                   10004d70 f   gzread.obj
 0001:00003e00       _gz_avail                  10004e00 f   gzread.obj
 0001:00003e80       _gz_look                   10004e80 f   gzread.obj
 0001:00004020       _gz_decomp                 10005020 f   gzread.obj
 0001:00004130       _gz_fetch                  10005130 f   gzread.obj
 0001:000041b0       _gz_skip                   100051b0 f   gzread.obj
 0001:00004230       _gz_read                   10005230 f   gzread.obj
 0001:00004790       _gz_init                   10005790 f   gzwrite.obj
 0001:00004880       _gz_comp                   10005880 f   gzwrite.obj
 0001:000049f0       _gz_zero                   100059f0 f   gzwrite.obj
 0001:00004aa0       _gz_write                  10005aa0 f   gzwrite.obj
 0001:00005180       _fixedtables               10006180 f   infback.obj
 0001:00005f44       $LN504                     10006f44     infback.obj
 0001:00005f60       $LN475                     10006f60     infback.obj
 0001:00005f74       $LN505                     10006f74     infback.obj
 0001:000063e0       _inflateStateCheck         100073e0 f   inflate.obj
 0001:000066f0       _fixedtables               100076f0 f   inflate.obj
 0001:00006710       _updatewindow              10007710 f   inflate.obj
 0001:00007eb4       $LN963                     10008eb4     inflate.obj
 0001:00007f30       $LN964                     10008f30     inflate.obj
 0001:000080d0       _syncsearch                100090d0 f   inflate.obj
 0001:000089d0       _fopen_file_func           100099d0 f   ioapi.obj
 0001:00008a20       _fopen64_file_func         10009a20 f   ioapi.obj
 0001:00008a70       _fread_file_func           10009a70 f   ioapi.obj
 0001:00008a90       _fwrite_file_func          10009a90 f   ioapi.obj
 0001:00008ab0       _ftell_file_func           10009ab0 f   ioapi.obj
 0001:00008ad0       _ftell64_file_func         10009ad0 f   ioapi.obj
 0001:00008af0       _fseek_file_func           10009af0 f   ioapi.obj
 0001:00008b40       _fseek64_file_func         10009b40 f   ioapi.obj
 0001:00008b90       _fclose_file_func          10009b90 f   ioapi.obj
 0001:00008bb0       _ferror_file_func          10009bb0 f   ioapi.obj
 0001:00008c10       _win32_translate_open_mode 10009c10 f   iowin32.obj
 0001:00008c80       _win32_build_iowin         10009c80 f   iowin32.obj
 0001:00008ee0       _MySetFilePointerEx        10009ee0 f   iowin32.obj
 0001:00009240       _tr_static_init            1000a240 f   trees.obj
 0001:000092b0       _init_block                1000a2b0 f   trees.obj
 0001:00009340       _pqdownheap                1000a340 f   trees.obj
 0001:00009420       _gen_bitlen                1000a420 f   trees.obj
 0001:00009640       _gen_codes                 1000a640 f   trees.obj
 0001:000096b0       _build_tree                1000a6b0 f   trees.obj
 0001:000098d0       _scan_tree                 1000a8d0 f   trees.obj
 0001:000099c0       _send_tree                 1000a9c0 f   trees.obj
 0001:00009ed0       _build_bl_tree             1000aed0 f   trees.obj
 0001:00009fb0       _send_all_trees            1000afb0 f   trees.obj
 0001:0000a5e0       _compress_block            1000b5e0 f   trees.obj
 0001:0000a9e0       _detect_data_type          1000b9e0 f   trees.obj
 0001:0000aa50       _bi_reverse                1000ba50 f   trees.obj
 0001:0000aa70       _bi_flush                  1000ba70 f   trees.obj
 0001:0000aaf0       _bi_windup                 1000baf0 f   trees.obj
 0001:0000aca0       _unz64local_getByte        1000bca0 f   unzip.obj
 0001:0000acf0       _unz64local_getShort       1000bcf0 f   unzip.obj
 0001:0000ad60       _unz64local_getLong        1000bd60 f   unzip.obj
 0001:0000ae10       _unz64local_getLong64      1000be10 f   unzip.obj
 0001:0000af80       _strcmpcasenosensitive_internal 1000bf80 f   unzip.obj
 0001:0000b060       _unz64local_SearchCentralDir 1000c060 f   unzip.obj
 0001:0000b210       _unz64local_SearchCentralDir64 1000c210 f   unzip.obj
 0001:0000b4a0       _unzOpenInternal           1000c4a0 f   unzip.obj
 0001:0000ba40       _unz64local_DosDateToTmuDate 1000ca40 f   unzip.obj
 0001:0000bac0       _unz64local_GetCurrentFileInfoInternal 1000cac0 f   unzip.obj
 0001:0000c580       _unz64local_CheckCurrentFileCoherencyHeader 1000d580 f   unzip.obj
 0001:0000d000       _time                      1000e000 f   zip.obj
 0001:0000d010       _decrypt_byte              1000e010 f   zip.obj
 0001:0000d030       _update_keys               1000e030 f   zip.obj
 0001:0000d080       _init_keys                 1000e080 f   zip.obj
 0001:0000d0d0       _crypthead                 1000e0d0 f   zip.obj
 0001:0000d210       _allocate_new_datablock    1000e210 f   zip.obj
 0001:0000d240       _free_datablock            1000e240 f   zip.obj
 0001:0000d270       _init_linkedlist           1000e270 f   zip.obj
 0001:0000d280       _free_linkedlist           1000e280 f   zip.obj
 0001:0000d2a0       _add_data_in_datablock     1000e2a0 f   zip.obj
 0001:0000d350       _zip64local_putValue       1000e350 f   zip.obj
 0001:0000d3d0       _zip64local_putValue_inmemory 1000e3d0 f   zip.obj
 0001:0000d410       _zip64local_TmzDateToDosDate 1000e410 f   zip.obj
 0001:0000d460       _zip64local_getByte        1000e460 f   zip.obj
 0001:0000d4b0       _zip64local_getShort       1000e4b0 f   zip.obj
 0001:0000d520       _zip64local_getLong        1000e520 f   zip.obj
 0001:0000d5d0       _zip64local_getLong64      1000e5d0 f   zip.obj
 0001:0000d740       _zip64local_SearchCentralDir 1000e740 f   zip.obj
 0001:0000d8f0       _zip64local_SearchCentralDir64 1000e8f0 f   zip.obj
 0001:0000eb20       _zip64FlushWriteBuffer     1000fb20 f   zip.obj
 0001:0000f78b       ?dllmain_crt_dispatch@@YGHQAUHINSTANCE__@@KQAX@Z 1001078b f   MSVCRT:dll_dllmain.obj
 0001:0000f7de       ?dllmain_crt_process_attach@@YAHQAUHINSTANCE__@@QAX@Z 100107de f   MSVCRT:dll_dllmain.obj
 0001:0000f8d8       ?dllmain_crt_process_detach@@YAH_N@Z 100108d8 f   MSVCRT:dll_dllmain.obj
 0001:0000f95f       ?dllmain_dispatch@@YAHQAUHINSTANCE__@@KQAX@Z 1001095f f   MSVCRT:dll_dllmain.obj
 0001:0000fa5b       ?dllmain_raw@@YGHQAUHINSTANCE__@@KQAX@Z 10010a5b f   MSVCRT:dll_dllmain.obj
 0001:0000fab1       ___get_entropy             10010ab1 f   MSVCRT:gs_support.obj
 0001:0000fbfb       ?find_pe_section@@YAPAU_IMAGE_SECTION_HEADER@@QAEI@Z 10010bfb f   MSVCRT:utility.obj
 0001:0000fc44       ?is_potentially_valid_image_base@@YA_NQAX@Z 10010c44 f   MSVCRT:utility.obj
 0001:00010200       $$000000                   10011200     MSVCRT:_sehprolg4_.obj
 0001:000108d0       $$000000                   100118d0     MSVCRT:lldiv.obj
 0001:00010980       $$000000                   10011980     MSVCRT:chkstk.obj
 0002:00000144       _GS_ExceptionPointers      10012144     MSVCRT:gs_report.obj
 0002:00000158       _crc_table                 10012158     crc32.obj
 0002:00002158       ?my_version@?1??deflateInit2_@@9@9 10014158     deflate.obj
 0002:00002160       _configuration_table       10014160     deflate.obj
 0002:000021d8       ?lenfix@?1??fixedtables@@9@9 100141d8     infback.obj
 0002:000029d8       ?distfix@?1??fixedtables@@9@9 100149d8     infback.obj
 0002:00002a58       ?order@?1??inflateBack@@9@9 10014a58     infback.obj
 0002:00002a80       ?lenfix@?1??fixedtables@@9@9 10014a80     inflate.obj
 0002:00003280       ?distfix@?1??fixedtables@@9@9 10015280     inflate.obj
 0002:00003300       ?order@?1??inflate@@9@9    10015300     inflate.obj
 0002:00003328       ?dext@?1??inflate_table@@9@9 10015328     inftrees.obj
 0002:00003368       ?lext@?1??inflate_table@@9@9 10015368     inftrees.obj
 0002:000033a8       ?lbase@?1??inflate_table@@9@9 100153a8     inftrees.obj
 0002:000033e8       ?dbase@?1??inflate_table@@9@9 100153e8     inftrees.obj
 0002:00003728       _static_dtree              10015728     trees.obj
 0002:000037a0       _extra_blbits              100157a0     trees.obj
 0002:000037f0       _extra_lbits               100157f0     trees.obj
 0002:00003868       _base_dist                 10015868     trees.obj
 0002:000038e0       _base_length               100158e0     trees.obj
 0002:00003954       _static_l_desc             10015954     trees.obj
 0002:00003968       _static_bl_desc            10015968     trees.obj
 0002:00003980       _extra_dbits               10015980     trees.obj
 0002:000039f8       _static_ltree              100159f8     trees.obj
 0002:00003e78       _static_d_desc             10015e78     trees.obj
 0002:00003e8c       _bl_order                  10015e8c     trees.obj
 0002:000046c8       __sehtable$?dllmain_crt_process_attach@@YAHQAUHINSTANCE__@@QAX@Z 100166c8     MSVCRT:dll_dllmain.obj
 0002:000046e8       __sehtable$?dllmain_crt_process_detach@@YAH_N@Z 100166e8     MSVCRT:dll_dllmain.obj
 0002:00004708       __sehtable$?dllmain_dispatch@@YAHQAUHINSTANCE__@@KQAX@Z 10016708     MSVCRT:dll_dllmain.obj
 0002:00004728       __sehtable$___scrt_is_nonwritable_in_current_image 10016728     MSVCRT:utility.obj
 0002:00004750       .edata                     10016750     zlibwapi.exp
 0002:00004778       rgpv                       10016778     zlibwapi.exp
 0002:00004a34       rgszName                   10016a34     zlibwapi.exp
 0002:00004c38       rgwOrd                     10016c38     zlibwapi.exp
 0002:00004d3a       szName                     10016d3a     zlibwapi.exp
 0002:00004d47       $N00001                    10016d47     zlibwapi.exp
 0002:00004d4f       $N00140                    10016d4f     zlibwapi.exp
 0002:00004d5f       $N00174                    10016d5f     zlibwapi.exp
 0002:00004d69       $N00002                    10016d69     zlibwapi.exp
 0002:00004d72       $N00039                    10016d72     zlibwapi.exp
 0002:00004d7c       $N00046                    10016d7c     zlibwapi.exp
 0002:00004d8a       $N00003                    10016d8a     zlibwapi.exp
 0002:00004d90       $N00142                    10016d90     zlibwapi.exp
 0002:00004d9e       $N00175                    10016d9e     zlibwapi.exp
 0002:00004da6       $N00004                    10016da6     zlibwapi.exp
 0002:00004dae       $N00047                    10016dae     zlibwapi.exp
 0002:00004dbb       $N00005                    10016dbb     zlibwapi.exp
 0002:00004dc7       $N00006                    10016dc7     zlibwapi.exp
 0002:00004dd2       $N00173                    10016dd2     zlibwapi.exp
 0002:00004de7       $N00007                    10016de7     zlibwapi.exp
 0002:00004df5       $N00008                    10016df5     zlibwapi.exp
 0002:00004e02       $N00009                    10016e02     zlibwapi.exp
 0002:00004e10       $N00052                    10016e10     zlibwapi.exp
 0002:00004e1f       $N00051                    10016e1f     zlibwapi.exp
 0002:00004e2c       $N00010                    10016e2c     zlibwapi.exp
 0002:00004e39       $N00164                    10016e39     zlibwapi.exp
 0002:00004e4a       $N00011                    10016e4a     zlibwapi.exp
 0002:00004e5f       $N00144                    10016e5f     zlibwapi.exp
 0002:00004e70       $N00145                    10016e70     zlibwapi.exp
 0002:00004e7c       $N00110                    10016e7c     zlibwapi.exp
 0002:00004e90       $N00111                    10016e90     zlibwapi.exp
 0002:00004ea6       $N00112                    10016ea6     zlibwapi.exp
 0002:00004ebd       $N00113                    10016ebd     zlibwapi.exp
 0002:00004ed4       $N00038                    10016ed4     zlibwapi.exp
 0002:00004ee2       $N00146                    10016ee2     zlibwapi.exp
 0002:00004eeb       $N00048                    10016eeb     zlibwapi.exp
 0002:00004ef6       $N00012                    10016ef6     zlibwapi.exp
 0002:00004efe       $N00147                    10016efe     zlibwapi.exp
 0002:00004f08       $N00148                    10016f08     zlibwapi.exp
 0002:00004f12       $N00149                    10016f12     zlibwapi.exp
 0002:00004f1b       $N00013                    10016f1b     zlibwapi.exp
 0002:00004f23       $N00034                    10016f23     zlibwapi.exp
 0002:00004f29       $N00014                    10016f29     zlibwapi.exp
 0002:00004f31       $N00015                    10016f31     zlibwapi.exp
 0002:00004f39       $N00171                    10016f39     zlibwapi.exp
 0002:00004f41       $N00172                    10016f41     zlibwapi.exp
 0002:00004f4a       $N00030                    10016f4a     zlibwapi.exp
 0002:00004f51       $N00161                    10016f51     zlibwapi.exp
 0002:00004f59       $N00041                    10016f59     zlibwapi.exp
 0002:00004f60       $N00150                    10016f60     zlibwapi.exp
 0002:00004f69       $N00016                    10016f69     zlibwapi.exp
 0002:00004f70       $N00165                    10016f70     zlibwapi.exp
 0002:00004f79       $N00028                    10016f79     zlibwapi.exp
 0002:00004f82       $N00029                    10016f82     zlibwapi.exp
 0002:00004f89       $N00040                    10016f89     zlibwapi.exp
 0002:00004f90       $N00017                    10016f90     zlibwapi.exp
 0002:00004f97       $N00032                    10016f97     zlibwapi.exp
 0002:00004fa0       $N00031                    10016fa0     zlibwapi.exp
 0002:00004fa7       $N00035                    10016fa7     zlibwapi.exp
 0002:00004fb3       $N00033                    10016fb3     zlibwapi.exp
 0002:00004fba       $N00049                    10016fba     zlibwapi.exp
 0002:00004fc3       $N00167                    10016fc3     zlibwapi.exp
 0002:00004fcd       $N00018                    10016fcd     zlibwapi.exp
 0002:00004fd5       $N00019                    10016fd5     zlibwapi.exp
 0002:00004fdd       $N00044                    10016fdd     zlibwapi.exp
 0002:00004fe9       $N00045                    10016fe9     zlibwapi.exp
 0002:00004ff8       $N00043                    10016ff8     zlibwapi.exp
 0002:00005009       $N00168                    10017009     zlibwapi.exp
 0002:0000501a       $N00042                    1001701a     zlibwapi.exp
 0002:00005026       $N00020                    10017026     zlibwapi.exp
 0002:00005031       $N00166                    10017031     zlibwapi.exp
 0002:00005046       $N00156                    10017046     zlibwapi.exp
 0002:00005057       $N00021                    10017057     zlibwapi.exp
 0002:00005065       $N00022                    10017065     zlibwapi.exp
 0002:00005072       $N00157                    10017072     zlibwapi.exp
 0002:0000507e       $N00158                    1001707e     zlibwapi.exp
 0002:0000508b       $N00023                    1001708b     zlibwapi.exp
 0002:00005098       $N00159                    10017098     zlibwapi.exp
 0002:000050a6       $N00163                    100170a6     zlibwapi.exp
 0002:000050b7       $N00024                    100170b7     zlibwapi.exp
 0002:000050cc       $N00025                    100170cc     zlibwapi.exp
 0002:000050d8       $N00037                    100170d8     zlibwapi.exp
 0002:000050e9       $N00160                    100170e9     zlibwapi.exp
 0002:000050fa       $N00169                    100170fa     zlibwapi.exp
 0002:0000510a       $N00026                    1001710a     zlibwapi.exp
 0002:00005115       $N00170                    10017115     zlibwapi.exp
 0002:00005121       $N00062                    10017121     zlibwapi.exp
 0002:0000512a       $N00072                    1001712a     zlibwapi.exp
 0002:0000513e       $N00064                    1001713e     zlibwapi.exp
 0002:00005154       $N00124                    10017154     zlibwapi.exp
 0002:0000516c       $N00125                    1001716c     zlibwapi.exp
 0002:0000518a       $N00100                    1001718a     zlibwapi.exp
 0002:00005198       $N00127                    10017198     zlibwapi.exp
 0002:000051a8       $N00073                    100171a8     zlibwapi.exp
 0002:000051bc       $N00063                    100171bc     zlibwapi.exp
 0002:000051cd       $N00122                    100171cd     zlibwapi.exp
 0002:000051e0       $N00076                    100171e0     zlibwapi.exp
 0002:000051f6       $N00101                    100171f6     zlibwapi.exp
 0002:00005205       $N00128                    10017205     zlibwapi.exp
 0002:00005216       $N00065                    10017216     zlibwapi.exp
 0002:00005227       $N00066                    10017227     zlibwapi.exp
 0002:00005237       $N00075                    10017237     zlibwapi.exp
 0002:00005245       $N00061                    10017245     zlibwapi.exp
 0002:0000524d       $N00077                    1001724d     zlibwapi.exp
 0002:00005256       $N00121                    10017256     zlibwapi.exp
 0002:00005262       $N00120                    10017262     zlibwapi.exp
 0002:0000526c       $N00067                    1001726c     zlibwapi.exp
 0002:0000527f       $N00078                    1001727f     zlibwapi.exp
 0002:00005293       $N00069                    10017293     zlibwapi.exp
 0002:000052a7       $N00079                    100172a7     zlibwapi.exp
 0002:000052c2       $N00068                    100172c2     zlibwapi.exp
 0002:000052d5       $N00074                    100172d5     zlibwapi.exp
 0002:000052ee       $N00071                    100172ee     zlibwapi.exp
 0002:000052f5       $N00070                    100172f5     zlibwapi.exp
 0002:000052fd       $N00126                    100172fd     zlibwapi.exp
 0002:00005307       $N00036                    10017307     zlibwapi.exp
 0002:0000530e       $N00084                    1001730e     zlibwapi.exp
 0002:00005317       $N00083                    10017317     zlibwapi.exp
 0002:00005329       $N00087                    10017329     zlibwapi.exp
 0002:0000533e       $N00136                    1001733e     zlibwapi.exp
 0002:00005355       $N00080                    10017355     zlibwapi.exp
 0002:0000535d       $N00088                    1001735d     zlibwapi.exp
 0002:00005366       $N00131                    10017366     zlibwapi.exp
 0002:00005372       $N00130                    10017372     zlibwapi.exp
 0002:0000537c       $N00081                    1001737c     zlibwapi.exp
 0002:00005390       $N00086                    10017390     zlibwapi.exp
 0002:000053a5       $N00133                    100173a5     zlibwapi.exp
 0002:000053bd       $N00089                    100173bd     zlibwapi.exp
 0002:000053d2       $N00134                    100173d2     zlibwapi.exp
 0002:000053ea       $N00135                    100173ea     zlibwapi.exp
 0002:00005402       $N00132                    10017402     zlibwapi.exp
 0002:00005418       $N00082                    10017418     zlibwapi.exp
 0002:0000542c       $N00050                    1001742c     zlibwapi.exp
 0002:0000543d       $N00027                    1001743d     zlibwapi.exp
 0002:0000567c       .idata$6                   1001767c     kernel32:KERNEL32.dll
 0002:000056d8       .idata$6                   100176d8     vcruntime:VCRUNTIME140.dll
 0002:000058d4       .idata$6                   100178d4     ucrt:api-ms-win-crt-stdio-l1-1-0.dll
 0002:000058f4       .idata$6                   100178f4     ucrt:api-ms-win-crt-convert-l1-1-0.dll
 0002:00005916       .idata$6                   10017916     ucrt:api-ms-win-crt-heap-l1-1-0.dll
 0002:00005936       .idata$6                   10017936     ucrt:api-ms-win-crt-runtime-l1-1-0.dll
 0002:00005958       .idata$6                   10017958     ucrt:api-ms-win-crt-utility-l1-1-0.dll
 0002:0000597a       .idata$6                   1001797a     ucrt:api-ms-win-crt-time-l1-1-0.dll
 0003:00000020       ?__proc_attached@@3HA      10018020     MSVCRT:dll_dllmain.obj
 0003:00000048       ?module_local_atexit_table@@3U_onexit_table_t@@A 10018048     MSVCRT:utility.obj
 0003:00000054       ?module_local_at_quick_exit_table@@3U_onexit_table_t@@A 10018054     MSVCRT:utility.obj
 0003:00000060       ?module_local_atexit_table_initialized@@3_NA 10018060     MSVCRT:utility.obj
 0003:00000061       ?is_initialized_as_dll@@3_NA 10018061     MSVCRT:utility.obj
 0003:00000070       _GS_ExceptionRecord        10018070     MSVCRT:gs_report.obj
 0003:000000c0       _GS_ContextRecord          100180c0     MSVCRT:gs_report.obj
 0003:0000038c       ?calls@?1??crypthead@@9@9  1001838c     zip.obj
 0004:00000060       $R000000                   10019060     zlib.res
